Dcoetzee-20110429-cmf/wav/b0221 Dcoetzee Dcoetzee
Dcoetzee-20110429-cmf/wav/b0222 Dcoetzee Dcoetzee
Dcoetzee-20110429-cmf/wav/b0223 Dcoetzee Dcoetzee
Dcoetzee-20110429-cmf/wav/b0224 Dcoetzee Dcoetzee
Dcoetzee-20110429-cmf/wav/b0225 Dcoetzee Dcoetzee
Dcoetzee-20110429-cmf/wav/b0226 Dcoetzee Dcoetzee
Dcoetzee-20110429-cmf/wav/b0227 Dcoetzee Dcoetzee
Dcoetzee-20110429-cmf/wav/b0228 Dcoetzee Dcoetzee
Dcoetzee-20110429-cmf/wav/b0229 Dcoetzee Dcoetzee
Dcoetzee-20110429-cmf/wav/b0230 Dcoetzee Dcoetzee
Dcoetzee-20110429-cxg/wav/b0023 Dcoetzee Dcoetzee
Dcoetzee-20110429-cxg/wav/b0024 Dcoetzee Dcoetzee
Dcoetzee-20110429-cxg/wav/b0025 Dcoetzee Dcoetzee
Dcoetzee-20110429-cxg/wav/b0026 Dcoetzee Dcoetzee
Dcoetzee-20110429-cxg/wav/b0027 Dcoetzee Dcoetzee
Dcoetzee-20110429-cxg/wav/b0028 Dcoetzee Dcoetzee
Dcoetzee-20110429-cxg/wav/b0029 Dcoetzee Dcoetzee
Dcoetzee-20110429-cxg/wav/b0030 Dcoetzee Dcoetzee
Dcoetzee-20110429-cxg/wav/b0031 Dcoetzee Dcoetzee
Dcoetzee-20110429-cxg/wav/b0032 Dcoetzee Dcoetzee
Dcoetzee-20110429-cxm/wav/a0184 Dcoetzee Dcoetzee
Dcoetzee-20110429-cxm/wav/a0185 Dcoetzee Dcoetzee
Dcoetzee-20110429-cxm/wav/a0186 Dcoetzee Dcoetzee
Dcoetzee-20110429-cxm/wav/a0187 Dcoetzee Dcoetzee
Dcoetzee-20110429-cxm/wav/a0188 Dcoetzee Dcoetzee
Dcoetzee-20110429-cxm/wav/a0189 Dcoetzee Dcoetzee
Dcoetzee-20110429-cxm/wav/a0190 Dcoetzee Dcoetzee
Dcoetzee-20110429-cxm/wav/a0191 Dcoetzee Dcoetzee
Dcoetzee-20110429-cxm/wav/a0192 Dcoetzee Dcoetzee
Dcoetzee-20110429-cxm/wav/a0193 Dcoetzee Dcoetzee
Dcoetzee-20110429-czn/wav/a0036 Dcoetzee Dcoetzee
Dcoetzee-20110429-czn/wav/a0037 Dcoetzee Dcoetzee
Dcoetzee-20110429-czn/wav/a0038 Dcoetzee Dcoetzee
Dcoetzee-20110429-czn/wav/a0039 Dcoetzee Dcoetzee
Dcoetzee-20110429-czn/wav/a0040 Dcoetzee Dcoetzee
Dcoetzee-20110429-czn/wav/a0041 Dcoetzee Dcoetzee
Dcoetzee-20110429-czn/wav/a0042 Dcoetzee Dcoetzee
Dcoetzee-20110429-czn/wav/a0043 Dcoetzee Dcoetzee
Dcoetzee-20110429-czn/wav/a0044 Dcoetzee Dcoetzee
Dcoetzee-20110429-czn/wav/a0045 Dcoetzee Dcoetzee
Dcoetzee-20110429-dac/wav/a0182 Dcoetzee Dcoetzee
Dcoetzee-20110429-dac/wav/a0183 Dcoetzee Dcoetzee
Dcoetzee-20110429-dac/wav/a0184 Dcoetzee Dcoetzee
Dcoetzee-20110429-dac/wav/a0185 Dcoetzee Dcoetzee
Dcoetzee-20110429-dac/wav/a0186 Dcoetzee Dcoetzee
Dcoetzee-20110429-dac/wav/a0187 Dcoetzee Dcoetzee
Dcoetzee-20110429-dac/wav/a0188 Dcoetzee Dcoetzee
Dcoetzee-20110429-dac/wav/a0189 Dcoetzee Dcoetzee
Dcoetzee-20110429-dac/wav/a0190 Dcoetzee Dcoetzee
Dcoetzee-20110429-dac/wav/a0191 Dcoetzee Dcoetzee
Dcoetzee-20110429-fmi/wav/b0047 Dcoetzee Dcoetzee
Dcoetzee-20110429-fmi/wav/b0048 Dcoetzee Dcoetzee
Dcoetzee-20110429-fmi/wav/b0049 Dcoetzee Dcoetzee
Dcoetzee-20110429-fmi/wav/b0050 Dcoetzee Dcoetzee
Dcoetzee-20110429-fmi/wav/b0051 Dcoetzee Dcoetzee
Dcoetzee-20110429-fmi/wav/b0052 Dcoetzee Dcoetzee
Dcoetzee-20110429-fmi/wav/b0053 Dcoetzee Dcoetzee
Dcoetzee-20110429-fmi/wav/b0054 Dcoetzee Dcoetzee
Dcoetzee-20110429-fmi/wav/b0055 Dcoetzee Dcoetzee
Dcoetzee-20110429-fmi/wav/b0056 Dcoetzee Dcoetzee
Dcoetzee-20110429-ghe/wav/b0077 Dcoetzee Dcoetzee
Dcoetzee-20110429-ghe/wav/b0078 Dcoetzee Dcoetzee
Dcoetzee-20110429-ghe/wav/b0079 Dcoetzee Dcoetzee
Dcoetzee-20110429-ghe/wav/b0080 Dcoetzee Dcoetzee
Dcoetzee-20110429-ghe/wav/b0081 Dcoetzee Dcoetzee
Dcoetzee-20110429-ghe/wav/b0082 Dcoetzee Dcoetzee
Dcoetzee-20110429-ghe/wav/b0083 Dcoetzee Dcoetzee
Dcoetzee-20110429-ghe/wav/b0084 Dcoetzee Dcoetzee
Dcoetzee-20110429-ghe/wav/b0085 Dcoetzee Dcoetzee
Dcoetzee-20110429-ghe/wav/b0086 Dcoetzee Dcoetzee
Dcoetzee-20110429-gre/wav/a0490 Dcoetzee Dcoetzee
Dcoetzee-20110429-gre/wav/a0491 Dcoetzee Dcoetzee
Dcoetzee-20110429-gre/wav/a0492 Dcoetzee Dcoetzee
Dcoetzee-20110429-gre/wav/a0493 Dcoetzee Dcoetzee
Dcoetzee-20110429-gre/wav/a0494 Dcoetzee Dcoetzee
Dcoetzee-20110429-gre/wav/a0495 Dcoetzee Dcoetzee
Dcoetzee-20110429-gre/wav/a0496 Dcoetzee Dcoetzee
Dcoetzee-20110429-gre/wav/a0497 Dcoetzee Dcoetzee
Dcoetzee-20110429-gre/wav/a0498 Dcoetzee Dcoetzee
Dcoetzee-20110429-gre/wav/a0499 Dcoetzee Dcoetzee
Dcoetzee-20110429-hsi/wav/b0521 Dcoetzee Dcoetzee
Dcoetzee-20110429-hsi/wav/b0522 Dcoetzee Dcoetzee
Dcoetzee-20110429-hsi/wav/b0523 Dcoetzee Dcoetzee
Dcoetzee-20110429-hsi/wav/b0524 Dcoetzee Dcoetzee
Dcoetzee-20110429-hsi/wav/b0525 Dcoetzee Dcoetzee
Dcoetzee-20110429-hsi/wav/b0526 Dcoetzee Dcoetzee
Dcoetzee-20110429-hsi/wav/b0527 Dcoetzee Dcoetzee
Dcoetzee-20110429-hsi/wav/b0528 Dcoetzee Dcoetzee
Dcoetzee-20110429-hsi/wav/b0529 Dcoetzee Dcoetzee
Dcoetzee-20110429-hsi/wav/b0530 Dcoetzee Dcoetzee
Dcoetzee-20110429-hvo/wav/b0428 Dcoetzee Dcoetzee
Dcoetzee-20110429-hvo/wav/b0429 Dcoetzee Dcoetzee
Dcoetzee-20110429-hvo/wav/b0430 Dcoetzee Dcoetzee
Dcoetzee-20110429-hvo/wav/b0431 Dcoetzee Dcoetzee
Dcoetzee-20110429-hvo/wav/b0432 Dcoetzee Dcoetzee
Dcoetzee-20110429-hvo/wav/b0433 Dcoetzee Dcoetzee
Dcoetzee-20110429-hvo/wav/b0434 Dcoetzee Dcoetzee
Dcoetzee-20110429-hvo/wav/b0435 Dcoetzee Dcoetzee
Dcoetzee-20110429-hvo/wav/b0436 Dcoetzee Dcoetzee
Dcoetzee-20110429-hvo/wav/b0437 Dcoetzee Dcoetzee
Dcoetzee-20110429-hvv/wav/b0364 Dcoetzee Dcoetzee
Dcoetzee-20110429-hvv/wav/b0365 Dcoetzee Dcoetzee
Dcoetzee-20110429-hvv/wav/b0366 Dcoetzee Dcoetzee
Dcoetzee-20110429-hvv/wav/b0367 Dcoetzee Dcoetzee
Dcoetzee-20110429-hvv/wav/b0368 Dcoetzee Dcoetzee
Dcoetzee-20110429-hvv/wav/b0369 Dcoetzee Dcoetzee
Dcoetzee-20110429-hvv/wav/b0370 Dcoetzee Dcoetzee
Dcoetzee-20110429-hvv/wav/b0371 Dcoetzee Dcoetzee
Dcoetzee-20110429-hvv/wav/b0372 Dcoetzee Dcoetzee
Dcoetzee-20110429-hvv/wav/b0373 Dcoetzee Dcoetzee
Dcoetzee-20110429-jdw/wav/a0082 Dcoetzee Dcoetzee
Dcoetzee-20110429-jdw/wav/a0083 Dcoetzee Dcoetzee
Dcoetzee-20110429-jdw/wav/a0084 Dcoetzee Dcoetzee
Dcoetzee-20110429-jdw/wav/a0085 Dcoetzee Dcoetzee
Dcoetzee-20110429-jdw/wav/a0086 Dcoetzee Dcoetzee
Dcoetzee-20110429-jdw/wav/a0087 Dcoetzee Dcoetzee
Dcoetzee-20110429-jdw/wav/a0088 Dcoetzee Dcoetzee
Dcoetzee-20110429-jdw/wav/a0089 Dcoetzee Dcoetzee
Dcoetzee-20110429-jdw/wav/a0090 Dcoetzee Dcoetzee
Dcoetzee-20110429-jdw/wav/a0091 Dcoetzee Dcoetzee
Dcoetzee-20110429-mli/wav/b0292 Dcoetzee Dcoetzee
Dcoetzee-20110429-mli/wav/b0293 Dcoetzee Dcoetzee
Dcoetzee-20110429-mli/wav/b0294 Dcoetzee Dcoetzee
Dcoetzee-20110429-mli/wav/b0295 Dcoetzee Dcoetzee
Dcoetzee-20110429-mli/wav/b0296 Dcoetzee Dcoetzee
Dcoetzee-20110429-mli/wav/b0297 Dcoetzee Dcoetzee
Dcoetzee-20110429-mli/wav/b0298 Dcoetzee Dcoetzee
Dcoetzee-20110429-mli/wav/b0299 Dcoetzee Dcoetzee
Dcoetzee-20110429-mli/wav/b0300 Dcoetzee Dcoetzee
Dcoetzee-20110429-mli/wav/b0301 Dcoetzee Dcoetzee
Dcoetzee-20110429-mzz/wav/b0062 Dcoetzee Dcoetzee
Dcoetzee-20110429-mzz/wav/b0063 Dcoetzee Dcoetzee
Dcoetzee-20110429-mzz/wav/b0064 Dcoetzee Dcoetzee
Dcoetzee-20110429-mzz/wav/b0065 Dcoetzee Dcoetzee
Dcoetzee-20110429-mzz/wav/b0066 Dcoetzee Dcoetzee
Dcoetzee-20110429-mzz/wav/b0067 Dcoetzee Dcoetzee
Dcoetzee-20110429-mzz/wav/b0068 Dcoetzee Dcoetzee
Dcoetzee-20110429-mzz/wav/b0069 Dcoetzee Dcoetzee
Dcoetzee-20110429-mzz/wav/b0070 Dcoetzee Dcoetzee
Dcoetzee-20110429-mzz/wav/b0071 Dcoetzee Dcoetzee
Dcoetzee-20110429-ono/wav/b0172 Dcoetzee Dcoetzee
Dcoetzee-20110429-ono/wav/b0173 Dcoetzee Dcoetzee
Dcoetzee-20110429-ono/wav/b0174 Dcoetzee Dcoetzee
Dcoetzee-20110429-ono/wav/b0175 Dcoetzee Dcoetzee
Dcoetzee-20110429-ono/wav/b0176 Dcoetzee Dcoetzee
Dcoetzee-20110429-ono/wav/b0177 Dcoetzee Dcoetzee
Dcoetzee-20110429-ono/wav/b0178 Dcoetzee Dcoetzee
Dcoetzee-20110429-ono/wav/b0179 Dcoetzee Dcoetzee
Dcoetzee-20110429-ono/wav/b0180 Dcoetzee Dcoetzee
Dcoetzee-20110429-ono/wav/b0181 Dcoetzee Dcoetzee
Dcoetzee-20110429-plk/wav/a0310 Dcoetzee Dcoetzee
Dcoetzee-20110429-plk/wav/a0311 Dcoetzee Dcoetzee
Dcoetzee-20110429-plk/wav/a0312 Dcoetzee Dcoetzee
Dcoetzee-20110429-plk/wav/a0313 Dcoetzee Dcoetzee
Dcoetzee-20110429-plk/wav/a0314 Dcoetzee Dcoetzee
Dcoetzee-20110429-plk/wav/a0315 Dcoetzee Dcoetzee
Dcoetzee-20110429-plk/wav/a0316 Dcoetzee Dcoetzee
Dcoetzee-20110429-plk/wav/a0317 Dcoetzee Dcoetzee
Dcoetzee-20110429-plk/wav/a0318 Dcoetzee Dcoetzee
Dcoetzee-20110429-plk/wav/a0319 Dcoetzee Dcoetzee
Dcoetzee-20110429-qvd/wav/b0283 Dcoetzee Dcoetzee
Dcoetzee-20110429-qvd/wav/b0284 Dcoetzee Dcoetzee
Dcoetzee-20110429-qvd/wav/b0285 Dcoetzee Dcoetzee
Dcoetzee-20110429-qvd/wav/b0286 Dcoetzee Dcoetzee
Dcoetzee-20110429-qvd/wav/b0287 Dcoetzee Dcoetzee
Dcoetzee-20110429-qvd/wav/b0288 Dcoetzee Dcoetzee
Dcoetzee-20110429-qvd/wav/b0289 Dcoetzee Dcoetzee
Dcoetzee-20110429-qvd/wav/b0290 Dcoetzee Dcoetzee
Dcoetzee-20110429-qvd/wav/b0291 Dcoetzee Dcoetzee
Dcoetzee-20110429-qvd/wav/b0292 Dcoetzee Dcoetzee
Dcoetzee-20110429-rmx/wav/a0554 Dcoetzee Dcoetzee
Dcoetzee-20110429-rmx/wav/a0555 Dcoetzee Dcoetzee
Dcoetzee-20110429-rmx/wav/a0556 Dcoetzee Dcoetzee
Dcoetzee-20110429-rmx/wav/a0557 Dcoetzee Dcoetzee
Dcoetzee-20110429-rmx/wav/a0558 Dcoetzee Dcoetzee
Dcoetzee-20110429-rmx/wav/a0559 Dcoetzee Dcoetzee
Dcoetzee-20110429-rmx/wav/a0560 Dcoetzee Dcoetzee
Dcoetzee-20110429-rmx/wav/a0561 Dcoetzee Dcoetzee
Dcoetzee-20110429-rmx/wav/a0562 Dcoetzee Dcoetzee
Dcoetzee-20110429-rmx/wav/a0563 Dcoetzee Dcoetzee
Dcoetzee-20110429-tmu/wav/rp-20 Dcoetzee Dcoetzee
Dcoetzee-20110429-tmu/wav/rp-21 Dcoetzee Dcoetzee
Dcoetzee-20110429-tmu/wav/rp-22 Dcoetzee Dcoetzee
Dcoetzee-20110429-tmu/wav/rp-23 Dcoetzee Dcoetzee
Dcoetzee-20110429-tmu/wav/rp-24 Dcoetzee Dcoetzee
Dcoetzee-20110429-tmu/wav/rp-25 Dcoetzee Dcoetzee
Dcoetzee-20110429-tmu/wav/rp-26 Dcoetzee Dcoetzee
Dcoetzee-20110429-tmu/wav/rp-27 Dcoetzee Dcoetzee
Dcoetzee-20110429-tmu/wav/rp-28 Dcoetzee Dcoetzee
Dcoetzee-20110429-tmu/wav/rp-29 Dcoetzee Dcoetzee
Dcoetzee-20110429-top/wav/b0517 Dcoetzee Dcoetzee
Dcoetzee-20110429-top/wav/b0518 Dcoetzee Dcoetzee
Dcoetzee-20110429-top/wav/b0519 Dcoetzee Dcoetzee
Dcoetzee-20110429-top/wav/b0520 Dcoetzee Dcoetzee
Dcoetzee-20110429-top/wav/b0521 Dcoetzee Dcoetzee
Dcoetzee-20110429-top/wav/b0522 Dcoetzee Dcoetzee
Dcoetzee-20110429-top/wav/b0523 Dcoetzee Dcoetzee
Dcoetzee-20110429-top/wav/b0524 Dcoetzee Dcoetzee
Dcoetzee-20110429-top/wav/b0525 Dcoetzee Dcoetzee
Dcoetzee-20110429-top/wav/b0526 Dcoetzee Dcoetzee
Dcoetzee-20110429-vad/wav/a0426 Dcoetzee Dcoetzee
Dcoetzee-20110429-vad/wav/a0427 Dcoetzee Dcoetzee
Dcoetzee-20110429-vad/wav/a0428 Dcoetzee Dcoetzee
Dcoetzee-20110429-vad/wav/a0429 Dcoetzee Dcoetzee
Dcoetzee-20110429-vad/wav/a0430 Dcoetzee Dcoetzee
Dcoetzee-20110429-vad/wav/a0431 Dcoetzee Dcoetzee
Dcoetzee-20110429-vad/wav/a0432 Dcoetzee Dcoetzee
Dcoetzee-20110429-vad/wav/a0433 Dcoetzee Dcoetzee
Dcoetzee-20110429-vad/wav/a0434 Dcoetzee Dcoetzee
Dcoetzee-20110429-vad/wav/a0435 Dcoetzee Dcoetzee
Dcoetzee-20110429-vmo/wav/a0288 Dcoetzee Dcoetzee
Dcoetzee-20110429-vmo/wav/a0289 Dcoetzee Dcoetzee
Dcoetzee-20110429-vmo/wav/a0290 Dcoetzee Dcoetzee
Dcoetzee-20110429-vmo/wav/a0291 Dcoetzee Dcoetzee
Dcoetzee-20110429-vmo/wav/a0292 Dcoetzee Dcoetzee
Dcoetzee-20110429-vmo/wav/a0293 Dcoetzee Dcoetzee
Dcoetzee-20110429-vmo/wav/a0294 Dcoetzee Dcoetzee
Dcoetzee-20110429-vmo/wav/a0295 Dcoetzee Dcoetzee
Dcoetzee-20110429-vmo/wav/a0296 Dcoetzee Dcoetzee
Dcoetzee-20110429-vmo/wav/a0297 Dcoetzee Dcoetzee
Dcoetzee-20110429-wuk/wav/a0128 Dcoetzee Dcoetzee
Dcoetzee-20110429-wuk/wav/a0129 Dcoetzee Dcoetzee
Dcoetzee-20110429-wuk/wav/a0130 Dcoetzee Dcoetzee
Dcoetzee-20110429-wuk/wav/a0131 Dcoetzee Dcoetzee
Dcoetzee-20110429-wuk/wav/a0132 Dcoetzee Dcoetzee
Dcoetzee-20110429-wuk/wav/a0133 Dcoetzee Dcoetzee
Dcoetzee-20110429-wuk/wav/a0134 Dcoetzee Dcoetzee
Dcoetzee-20110429-wuk/wav/a0135 Dcoetzee Dcoetzee
Dcoetzee-20110429-wuk/wav/a0136 Dcoetzee Dcoetzee
Dcoetzee-20110429-wuk/wav/a0137 Dcoetzee Dcoetzee
Dcoetzee-20110429-ygs/wav/b0442 Dcoetzee Dcoetzee
Dcoetzee-20110429-ygs/wav/b0443 Dcoetzee Dcoetzee
Dcoetzee-20110429-ygs/wav/b0444 Dcoetzee Dcoetzee
Dcoetzee-20110429-ygs/wav/b0445 Dcoetzee Dcoetzee
Dcoetzee-20110429-ygs/wav/b0446 Dcoetzee Dcoetzee
Dcoetzee-20110429-ygs/wav/b0447 Dcoetzee Dcoetzee
Dcoetzee-20110429-ygs/wav/b0448 Dcoetzee Dcoetzee
Dcoetzee-20110429-ygs/wav/b0449 Dcoetzee Dcoetzee
Dcoetzee-20110429-ygs/wav/b0450 Dcoetzee Dcoetzee
Dcoetzee-20110429-ygs/wav/b0451 Dcoetzee Dcoetzee
Decent-20110516-hmv/wav/a0581 Decent Decent
Decent-20110516-hmv/wav/a0582 Decent Decent
Decent-20110516-hmv/wav/a0583 Decent Decent
Decent-20110516-hmv/wav/a0584 Decent Decent
Decent-20110516-hmv/wav/a0585 Decent Decent
Decent-20110516-hmv/wav/a0586 Decent Decent
Decent-20110516-hmv/wav/a0587 Decent Decent
Decent-20110516-hmv/wav/a0588 Decent Decent
Decent-20110516-hmv/wav/a0589 Decent Decent
Decent-20110516-hmv/wav/a0590 Decent Decent
Decent-20110516-ile/wav/a0447 Decent Decent
Decent-20110516-ile/wav/a0448 Decent Decent
Decent-20110516-ile/wav/a0449 Decent Decent
Decent-20110516-ile/wav/a0450 Decent Decent
Decent-20110516-ile/wav/a0451 Decent Decent
Decent-20110516-ile/wav/a0452 Decent Decent
Decent-20110516-ile/wav/a0453 Decent Decent
Decent-20110516-ile/wav/a0454 Decent Decent
Decent-20110516-ile/wav/a0455 Decent Decent
Decent-20110516-ile/wav/a0456 Decent Decent
Decent-20110516-mdq/wav/a0551 Decent Decent
Decent-20110516-mdq/wav/a0552 Decent Decent
Decent-20110516-mdq/wav/a0553 Decent Decent
Decent-20110516-mdq/wav/a0554 Decent Decent
Decent-20110516-mdq/wav/a0555 Decent Decent
Decent-20110516-mdq/wav/a0556 Decent Decent
Decent-20110516-mdq/wav/a0557 Decent Decent
Decent-20110516-mdq/wav/a0558 Decent Decent
Decent-20110516-mdq/wav/a0559 Decent Decent
Decent-20110516-mdq/wav/a0560 Decent Decent
Decent-20110516-qjb/wav/a0079 Decent Decent
Decent-20110516-qjb/wav/a0080 Decent Decent
Decent-20110516-qjb/wav/a0081 Decent Decent
Decent-20110516-qjb/wav/a0082 Decent Decent
Decent-20110516-qjb/wav/a0083 Decent Decent
Decent-20110516-qjb/wav/a0084 Decent Decent
Decent-20110516-qjb/wav/a0085 Decent Decent
Decent-20110516-qjb/wav/a0086 Decent Decent
Decent-20110516-qjb/wav/a0087 Decent Decent
Decent-20110516-qjb/wav/a0088 Decent Decent
Decent-20110516-qnp/wav/b0063 Decent Decent
Decent-20110516-qnp/wav/b0064 Decent Decent
Decent-20110516-qnp/wav/b0065 Decent Decent
Decent-20110516-qnp/wav/b0066 Decent Decent
Decent-20110516-qnp/wav/b0067 Decent Decent
Decent-20110516-qnp/wav/b0068 Decent Decent
Decent-20110516-qnp/wav/b0069 Decent Decent
Decent-20110516-qnp/wav/b0070 Decent Decent
Decent-20110516-qnp/wav/b0071 Decent Decent
Decent-20110516-qnp/wav/b0072 Decent Decent
Decent-20110516-qsa/wav/a0026 Decent Decent
Decent-20110516-qsa/wav/a0027 Decent Decent
Decent-20110516-qsa/wav/a0028 Decent Decent
Decent-20110516-qsa/wav/a0029 Decent Decent
Decent-20110516-qsa/wav/a0030 Decent Decent
Decent-20110516-qsa/wav/a0031 Decent Decent
Decent-20110516-qsa/wav/a0032 Decent Decent
Decent-20110516-qsa/wav/a0033 Decent Decent
Decent-20110516-qsa/wav/a0034 Decent Decent
Decent-20110516-qsa/wav/a0035 Decent Decent
Decent-20110516-tco/wav/a0033 Decent Decent
Decent-20110516-tco/wav/a0034 Decent Decent
Decent-20110516-tco/wav/a0035 Decent Decent
Decent-20110516-tco/wav/a0036 Decent Decent
Decent-20110516-tco/wav/a0037 Decent Decent
Decent-20110516-tco/wav/a0038 Decent Decent
Decent-20110516-tco/wav/a0039 Decent Decent
Decent-20110516-tco/wav/a0040 Decent Decent
Decent-20110516-tco/wav/a0041 Decent Decent
Decent-20110516-tco/wav/a0042 Decent Decent
Decent-20110516-tgn/wav/rp-03 Decent Decent
Decent-20110516-tgn/wav/rp-04 Decent Decent
Decent-20110516-tgn/wav/rp-05 Decent Decent
Decent-20110516-tgn/wav/rp-06 Decent Decent
Decent-20110516-tgn/wav/rp-07 Decent Decent
Decent-20110516-tgn/wav/rp-08 Decent Decent
Decent-20110516-tgn/wav/rp-09 Decent Decent
Decent-20110516-tgn/wav/rp-10 Decent Decent
Decent-20110516-tgn/wav/rp-11 Decent Decent
Decent-20110516-tgn/wav/rp-12 Decent Decent
Decent-20110516-ugs/wav/rp-01 Decent Decent
Decent-20110516-ugs/wav/rp-02 Decent Decent
Decent-20110516-ugs/wav/rp-03 Decent Decent
Decent-20110516-ugs/wav/rp-04 Decent Decent
Decent-20110516-ugs/wav/rp-05 Decent Decent
Decent-20110516-ugs/wav/rp-06 Decent Decent
Decent-20110516-ugs/wav/rp-07 Decent Decent
Decent-20110516-ugs/wav/rp-08 Decent Decent
Decent-20110516-ugs/wav/rp-09 Decent Decent
Decent-20110516-ugs/wav/rp-10 Decent Decent
FrozenFire-20080827-gqa/wav/ar-01 FrozenFire FrozenFire
FrozenFire-20080827-gqa/wav/ar-02 FrozenFire FrozenFire
FrozenFire-20080827-gqa/wav/ar-03 FrozenFire FrozenFire
FrozenFire-20080827-gqa/wav/ar-04 FrozenFire FrozenFire
FrozenFire-20080827-gqa/wav/ar-05 FrozenFire FrozenFire
FrozenFire-20080827-gqa/wav/rp-27 FrozenFire FrozenFire
FrozenFire-20080827-gqa/wav/rp-28 FrozenFire FrozenFire
FrozenFire-20080827-gqa/wav/rp-29 FrozenFire FrozenFire
FrozenFire-20080827-gqa/wav/rp-30 FrozenFire FrozenFire
FrozenFire-20080827-gqa/wav/rp-31 FrozenFire FrozenFire
FrozenFire-20080827-juh/wav/b0338 FrozenFire FrozenFire
FrozenFire-20080827-juh/wav/b0339 FrozenFire FrozenFire
FrozenFire-20080827-juh/wav/b0340 FrozenFire FrozenFire
FrozenFire-20080827-juh/wav/b0341 FrozenFire FrozenFire
FrozenFire-20080827-juh/wav/b0342 FrozenFire FrozenFire
FrozenFire-20080827-juh/wav/b0343 FrozenFire FrozenFire
FrozenFire-20080827-juh/wav/b0344 FrozenFire FrozenFire
FrozenFire-20080827-juh/wav/b0345 FrozenFire FrozenFire
FrozenFire-20080827-juh/wav/b0346 FrozenFire FrozenFire
FrozenFire-20080827-juh/wav/b0347 FrozenFire FrozenFire
FrozenFire-20080827-kvl/wav/b0197 FrozenFire FrozenFire
FrozenFire-20080827-kvl/wav/b0198 FrozenFire FrozenFire
FrozenFire-20080827-kvl/wav/b0199 FrozenFire FrozenFire
FrozenFire-20080827-kvl/wav/b0200 FrozenFire FrozenFire
FrozenFire-20080827-kvl/wav/b0201 FrozenFire FrozenFire
FrozenFire-20080827-kvl/wav/b0202 FrozenFire FrozenFire
FrozenFire-20080827-kvl/wav/b0203 FrozenFire FrozenFire
FrozenFire-20080827-kvl/wav/b0204 FrozenFire FrozenFire
FrozenFire-20080827-kvl/wav/b0205 FrozenFire FrozenFire
FrozenFire-20080827-kvl/wav/b0206 FrozenFire FrozenFire
FrozenFire-20080827-mij/wav/b0522 FrozenFire FrozenFire
FrozenFire-20080827-mij/wav/b0523 FrozenFire FrozenFire
FrozenFire-20080827-mij/wav/b0524 FrozenFire FrozenFire
FrozenFire-20080827-mij/wav/b0525 FrozenFire FrozenFire
FrozenFire-20080827-mij/wav/b0526 FrozenFire FrozenFire
FrozenFire-20080827-mij/wav/b0527 FrozenFire FrozenFire
FrozenFire-20080827-mij/wav/b0528 FrozenFire FrozenFire
FrozenFire-20080827-mij/wav/b0529 FrozenFire FrozenFire
FrozenFire-20080827-mij/wav/b0530 FrozenFire FrozenFire
FrozenFire-20080827-mij/wav/b0531 FrozenFire FrozenFire
FrozenFire-20080827-mkg/wav/a0161 FrozenFire FrozenFire
FrozenFire-20080827-mkg/wav/a0162 FrozenFire FrozenFire
FrozenFire-20080827-mkg/wav/a0163 FrozenFire FrozenFire
FrozenFire-20080827-mkg/wav/a0164 FrozenFire FrozenFire
FrozenFire-20080827-mkg/wav/a0165 FrozenFire FrozenFire
FrozenFire-20080827-mkg/wav/a0166 FrozenFire FrozenFire
FrozenFire-20080827-mkg/wav/a0167 FrozenFire FrozenFire
FrozenFire-20080827-mkg/wav/a0168 FrozenFire FrozenFire
FrozenFire-20080827-mkg/wav/a0169 FrozenFire FrozenFire
FrozenFire-20080827-mkg/wav/a0170 FrozenFire FrozenFire
FrozenFire-20080827-qpg/wav/a0515 FrozenFire FrozenFire
FrozenFire-20080827-qpg/wav/a0516 FrozenFire FrozenFire
FrozenFire-20080827-qpg/wav/a0517 FrozenFire FrozenFire
FrozenFire-20080827-qpg/wav/a0518 FrozenFire FrozenFire
FrozenFire-20080827-qpg/wav/a0519 FrozenFire FrozenFire
FrozenFire-20080827-qpg/wav/a0520 FrozenFire FrozenFire
FrozenFire-20080827-qpg/wav/a0521 FrozenFire FrozenFire
FrozenFire-20080827-qpg/wav/a0522 FrozenFire FrozenFire
FrozenFire-20080827-qpg/wav/a0523 FrozenFire FrozenFire
FrozenFire-20080827-qpg/wav/a0524 FrozenFire FrozenFire
FrozenFire-20080827-qzs/wav/a0007 FrozenFire FrozenFire
FrozenFire-20080827-qzs/wav/a0008 FrozenFire FrozenFire
FrozenFire-20080827-qzs/wav/a0009 FrozenFire FrozenFire
FrozenFire-20080827-qzs/wav/a0010 FrozenFire FrozenFire
FrozenFire-20080827-qzs/wav/a0011 FrozenFire FrozenFire
FrozenFire-20080827-qzs/wav/a0012 FrozenFire FrozenFire
FrozenFire-20080827-qzs/wav/a0013 FrozenFire FrozenFire
FrozenFire-20080827-qzs/wav/a0014 FrozenFire FrozenFire
FrozenFire-20080827-qzs/wav/a0015 FrozenFire FrozenFire
FrozenFire-20080827-qzs/wav/a0016 FrozenFire FrozenFire
FrozenFire-20080827-xbz/wav/a0480 FrozenFire FrozenFire
FrozenFire-20080827-xbz/wav/a0481 FrozenFire FrozenFire
FrozenFire-20080827-xbz/wav/a0482 FrozenFire FrozenFire
FrozenFire-20080827-xbz/wav/a0483 FrozenFire FrozenFire
FrozenFire-20080827-xbz/wav/a0484 FrozenFire FrozenFire
FrozenFire-20080827-xbz/wav/a0485 FrozenFire FrozenFire
FrozenFire-20080827-xbz/wav/a0486 FrozenFire FrozenFire
FrozenFire-20080827-xbz/wav/a0487 FrozenFire FrozenFire
FrozenFire-20080827-xbz/wav/a0488 FrozenFire FrozenFire
FrozenFire-20080827-xbz/wav/a0489 FrozenFire FrozenFire
FrozenFire-20080827-yeq/wav/a0411 FrozenFire FrozenFire
FrozenFire-20080827-yeq/wav/a0412 FrozenFire FrozenFire
FrozenFire-20080827-yeq/wav/a0413 FrozenFire FrozenFire
FrozenFire-20080827-yeq/wav/a0414 FrozenFire FrozenFire
FrozenFire-20080827-yeq/wav/a0415 FrozenFire FrozenFire
FrozenFire-20080827-yeq/wav/a0416 FrozenFire FrozenFire
FrozenFire-20080827-yeq/wav/a0417 FrozenFire FrozenFire
FrozenFire-20080827-yeq/wav/a0418 FrozenFire FrozenFire
FrozenFire-20080827-yeq/wav/a0419 FrozenFire FrozenFire
FrozenFire-20080827-yeq/wav/a0420 FrozenFire FrozenFire
glenton-20090924-eho/wav/a0098 glenton glenton
glenton-20090924-eho/wav/a0099 glenton glenton
glenton-20090924-eho/wav/a0100 glenton glenton
glenton-20090924-eho/wav/a0101 glenton glenton
glenton-20090924-eho/wav/a0102 glenton glenton
glenton-20090924-eho/wav/a0103 glenton glenton
glenton-20090924-eho/wav/a0104 glenton glenton
glenton-20090924-eho/wav/a0105 glenton glenton
glenton-20090924-eho/wav/a0106 glenton glenton
glenton-20090924-eho/wav/a0107 glenton glenton
glenton-20090924-ggk/wav/a0451 glenton glenton
glenton-20090924-ggk/wav/a0452 glenton glenton
glenton-20090924-ggk/wav/a0453 glenton glenton
glenton-20090924-ggk/wav/a0454 glenton glenton
glenton-20090924-ggk/wav/a0455 glenton glenton
glenton-20090924-ggk/wav/a0456 glenton glenton
glenton-20090924-ggk/wav/a0457 glenton glenton
glenton-20090924-ggk/wav/a0458 glenton glenton
glenton-20090924-ggk/wav/a0459 glenton glenton
glenton-20090924-ggk/wav/a0460 glenton glenton
glenton-20090924-iaz/wav/b0066 glenton glenton
glenton-20090924-iaz/wav/b0067 glenton glenton
glenton-20090924-iaz/wav/b0068 glenton glenton
glenton-20090924-iaz/wav/b0069 glenton glenton
glenton-20090924-iaz/wav/b0070 glenton glenton
glenton-20090924-iaz/wav/b0071 glenton glenton
glenton-20090924-iaz/wav/b0072 glenton glenton
glenton-20090924-iaz/wav/b0073 glenton glenton
glenton-20090924-iaz/wav/b0074 glenton glenton
glenton-20090924-iaz/wav/b0075 glenton glenton
glenton-20090924-iij/wav/b0039 glenton glenton
glenton-20090924-iij/wav/b0040 glenton glenton
glenton-20090924-iij/wav/b0041 glenton glenton
glenton-20090924-iij/wav/b0042 glenton glenton
glenton-20090924-iij/wav/b0043 glenton glenton
glenton-20090924-iij/wav/b0044 glenton glenton
glenton-20090924-iij/wav/b0045 glenton glenton
glenton-20090924-iij/wav/b0046 glenton glenton
glenton-20090924-iij/wav/b0047 glenton glenton
glenton-20090924-iij/wav/b0048 glenton glenton
glenton-20090924-lpy/wav/a0227 glenton glenton
glenton-20090924-lpy/wav/a0228 glenton glenton
glenton-20090924-lpy/wav/a0229 glenton glenton
glenton-20090924-lpy/wav/a0230 glenton glenton
glenton-20090924-lpy/wav/a0231 glenton glenton
glenton-20090924-lpy/wav/a0232 glenton glenton
glenton-20090924-lpy/wav/a0233 glenton glenton
glenton-20090924-lpy/wav/a0234 glenton glenton
glenton-20090924-lpy/wav/a0235 glenton glenton
glenton-20090924-lpy/wav/a0236 glenton glenton
glenton-20090924-mad/wav/a0249 glenton glenton
glenton-20090924-mad/wav/a0250 glenton glenton
glenton-20090924-mad/wav/a0251 glenton glenton
glenton-20090924-mad/wav/a0252 glenton glenton
glenton-20090924-mad/wav/a0253 glenton glenton
glenton-20090924-mad/wav/a0254 glenton glenton
glenton-20090924-mad/wav/a0255 glenton glenton
glenton-20090924-mad/wav/a0256 glenton glenton
glenton-20090924-mad/wav/a0257 glenton glenton
glenton-20090924-mad/wav/a0258 glenton glenton
glenton-20090924-myq/wav/a0280 glenton glenton
glenton-20090924-myq/wav/a0281 glenton glenton
glenton-20090924-myq/wav/a0282 glenton glenton
glenton-20090924-myq/wav/a0283 glenton glenton
glenton-20090924-myq/wav/a0284 glenton glenton
glenton-20090924-myq/wav/a0285 glenton glenton
glenton-20090924-myq/wav/a0286 glenton glenton
glenton-20090924-myq/wav/a0287 glenton glenton
glenton-20090924-myq/wav/a0288 glenton glenton
glenton-20090924-myq/wav/a0289 glenton glenton
glenton-20090924-nmb/wav/a0186 glenton glenton
glenton-20090924-nmb/wav/a0187 glenton glenton
glenton-20090924-nmb/wav/a0188 glenton glenton
glenton-20090924-nmb/wav/a0189 glenton glenton
glenton-20090924-nmb/wav/a0190 glenton glenton
glenton-20090924-nmb/wav/a0191 glenton glenton
glenton-20090924-nmb/wav/a0192 glenton glenton
glenton-20090924-nmb/wav/a0193 glenton glenton
glenton-20090924-nmb/wav/a0194 glenton glenton
glenton-20090924-nmb/wav/a0195 glenton glenton
glenton-20090924-ojx/wav/b0432 glenton glenton
glenton-20090924-ojx/wav/b0433 glenton glenton
glenton-20090924-ojx/wav/b0434 glenton glenton
glenton-20090924-ojx/wav/b0435 glenton glenton
glenton-20090924-ojx/wav/b0436 glenton glenton
glenton-20090924-ojx/wav/b0437 glenton glenton
glenton-20090924-ojx/wav/b0438 glenton glenton
glenton-20090924-ojx/wav/b0439 glenton glenton
glenton-20090924-ojx/wav/b0440 glenton glenton
glenton-20090924-ojx/wav/b0441 glenton glenton
glenton-20090924-oqo/wav/a0322 glenton glenton
glenton-20090924-oqo/wav/a0323 glenton glenton
glenton-20090924-oqo/wav/a0324 glenton glenton
glenton-20090924-oqo/wav/a0325 glenton glenton
glenton-20090924-oqo/wav/a0326 glenton glenton
glenton-20090924-oqo/wav/a0327 glenton glenton
glenton-20090924-oqo/wav/a0328 glenton glenton
glenton-20090924-oqo/wav/a0329 glenton glenton
glenton-20090924-oqo/wav/a0330 glenton glenton
glenton-20090924-oqo/wav/a0331 glenton glenton
glenton-20090924-plp/wav/a0494 glenton glenton
glenton-20090924-plp/wav/a0495 glenton glenton
glenton-20090924-plp/wav/a0496 glenton glenton
glenton-20090924-plp/wav/a0497 glenton glenton
glenton-20090924-plp/wav/a0498 glenton glenton
glenton-20090924-plp/wav/a0499 glenton glenton
glenton-20090924-plp/wav/a0500 glenton glenton
glenton-20090924-plp/wav/a0501 glenton glenton
glenton-20090924-plp/wav/a0502 glenton glenton
glenton-20090924-plp/wav/a0503 glenton glenton
glenton-20090924-puv/wav/rb-20 glenton glenton
glenton-20090924-puv/wav/rb-21 glenton glenton
glenton-20090924-puv/wav/rb-22 glenton glenton
glenton-20090924-puv/wav/rb-23 glenton glenton
glenton-20090924-puv/wav/rb-24 glenton glenton
glenton-20090924-puv/wav/rb-25 glenton glenton
glenton-20090924-puv/wav/rb-26 glenton glenton
glenton-20090924-puv/wav/rb-27 glenton glenton
glenton-20090924-puv/wav/rb-28 glenton glenton
glenton-20090924-puv/wav/rb-29 glenton glenton
glenton-20090924-qpb/wav/b0135 glenton glenton
glenton-20090924-qpb/wav/b0136 glenton glenton
glenton-20090924-qpb/wav/b0137 glenton glenton
glenton-20090924-qpb/wav/b0138 glenton glenton
glenton-20090924-qpb/wav/b0139 glenton glenton
glenton-20090924-qpb/wav/b0140 glenton glenton
glenton-20090924-qpb/wav/b0141 glenton glenton
glenton-20090924-qpb/wav/b0142 glenton glenton
glenton-20090924-qpb/wav/b0143 glenton glenton
glenton-20090924-qpb/wav/b0144 glenton glenton
glenton-20090924-ryq/wav/a0041 glenton glenton
glenton-20090924-ryq/wav/a0042 glenton glenton
glenton-20090924-ryq/wav/a0043 glenton glenton
glenton-20090924-ryq/wav/a0044 glenton glenton
glenton-20090924-ryq/wav/a0045 glenton glenton
glenton-20090924-ryq/wav/a0046 glenton glenton
glenton-20090924-ryq/wav/a0047 glenton glenton
glenton-20090924-ryq/wav/a0048 glenton glenton
glenton-20090924-ryq/wav/a0049 glenton glenton
glenton-20090924-ryq/wav/a0050 glenton glenton
glenton-20090924-sve/wav/a0337 glenton glenton
glenton-20090924-sve/wav/a0338 glenton glenton
glenton-20090924-sve/wav/a0339 glenton glenton
glenton-20090924-sve/wav/a0340 glenton glenton
glenton-20090924-sve/wav/a0341 glenton glenton
glenton-20090924-sve/wav/a0342 glenton glenton
glenton-20090924-sve/wav/a0343 glenton glenton
glenton-20090924-sve/wav/a0344 glenton glenton
glenton-20090924-sve/wav/a0345 glenton glenton
glenton-20090924-sve/wav/a0346 glenton glenton
glenton-20090924-vzf/wav/b0093 glenton glenton
glenton-20090924-vzf/wav/b0094 glenton glenton
glenton-20090924-vzf/wav/b0095 glenton glenton
glenton-20090924-vzf/wav/b0096 glenton glenton
glenton-20090924-vzf/wav/b0097 glenton glenton
glenton-20090924-vzf/wav/b0098 glenton glenton
glenton-20090924-vzf/wav/b0099 glenton glenton
glenton-20090924-vzf/wav/b0100 glenton glenton
glenton-20090924-vzf/wav/b0101 glenton glenton
glenton-20090924-vzf/wav/b0102 glenton glenton
glenton-20090924-yia/wav/b0438 glenton glenton
glenton-20090924-yia/wav/b0439 glenton glenton
glenton-20090924-yia/wav/b0440 glenton glenton
glenton-20090924-yia/wav/b0441 glenton glenton
glenton-20090924-yia/wav/b0442 glenton glenton
glenton-20090924-yia/wav/b0443 glenton glenton
glenton-20090924-yia/wav/b0444 glenton glenton
glenton-20090924-yia/wav/b0445 glenton glenton
glenton-20090924-yia/wav/b0446 glenton glenton
glenton-20090924-yia/wav/b0447 glenton glenton
glenton-20090924-ylv/wav/b0386 glenton glenton
glenton-20090924-ylv/wav/b0387 glenton glenton
glenton-20090924-ylv/wav/b0388 glenton glenton
glenton-20090924-ylv/wav/b0389 glenton glenton
glenton-20090924-ylv/wav/b0390 glenton glenton
glenton-20090924-ylv/wav/b0391 glenton glenton
glenton-20090924-ylv/wav/b0392 glenton glenton
glenton-20090924-ylv/wav/b0393 glenton glenton
glenton-20090924-ylv/wav/b0394 glenton glenton
glenton-20090924-ylv/wav/b0395 glenton glenton
glenton-20091002-npj/wav/b0423 glenton glenton
glenton-20091002-npj/wav/b0424 glenton glenton
glenton-20091002-npj/wav/b0425 glenton glenton
glenton-20091002-npj/wav/b0426 glenton glenton
glenton-20091002-npj/wav/b0427 glenton glenton
glenton-20091002-npj/wav/b0428 glenton glenton
glenton-20091002-npj/wav/b0429 glenton glenton
glenton-20091002-npj/wav/b0430 glenton glenton
glenton-20091002-npj/wav/b0431 glenton glenton
glenton-20091002-npj/wav/b0432 glenton glenton
JayCutlersBrother-20080919-htt/wav/rb-17 JayCutlersBrother JayCutlersBrother
JayCutlersBrother-20080919-htt/wav/rb-18 JayCutlersBrother JayCutlersBrother
JayCutlersBrother-20080919-htt/wav/rb-19 JayCutlersBrother JayCutlersBrother
JayCutlersBrother-20080919-htt/wav/rb-20 JayCutlersBrother JayCutlersBrother
JayCutlersBrother-20080919-htt/wav/rb-21 JayCutlersBrother JayCutlersBrother
JayCutlersBrother-20080919-htt/wav/rb-22 JayCutlersBrother JayCutlersBrother
JayCutlersBrother-20080919-htt/wav/rb-23 JayCutlersBrother JayCutlersBrother
JayCutlersBrother-20080919-htt/wav/rb-24 JayCutlersBrother JayCutlersBrother
JayCutlersBrother-20080919-htt/wav/rb-25 JayCutlersBrother JayCutlersBrother
JayCutlersBrother-20080919-htt/wav/rb-26 JayCutlersBrother JayCutlersBrother
JayCutlersBrother-20080919-ick/wav/a0040 JayCutlersBrother JayCutlersBrother
JayCutlersBrother-20080919-ick/wav/a0041 JayCutlersBrother JayCutlersBrother
JayCutlersBrother-20080919-ick/wav/a0042 JayCutlersBrother JayCutlersBrother
JayCutlersBrother-20080919-ick/wav/a0043 JayCutlersBrother JayCutlersBrother
JayCutlersBrother-20080919-ick/wav/a0044 JayCutlersBrother JayCutlersBrother
JayCutlersBrother-20080919-ick/wav/a0045 JayCutlersBrother JayCutlersBrother
JayCutlersBrother-20080919-ick/wav/a0046 JayCutlersBrother JayCutlersBrother
JayCutlersBrother-20080919-ick/wav/a0047 JayCutlersBrother JayCutlersBrother
JayCutlersBrother-20080919-ick/wav/a0048 JayCutlersBrother JayCutlersBrother
JayCutlersBrother-20080919-ick/wav/a0049 JayCutlersBrother JayCutlersBrother
JayCutlersBrother-20080919-jaf/wav/b0086 JayCutlersBrother JayCutlersBrother
JayCutlersBrother-20080919-jaf/wav/b0087 JayCutlersBrother JayCutlersBrother
JayCutlersBrother-20080919-jaf/wav/b0088 JayCutlersBrother JayCutlersBrother
JayCutlersBrother-20080919-jaf/wav/b0089 JayCutlersBrother JayCutlersBrother
JayCutlersBrother-20080919-jaf/wav/b0090 JayCutlersBrother JayCutlersBrother
JayCutlersBrother-20080919-jaf/wav/b0091 JayCutlersBrother JayCutlersBrother
JayCutlersBrother-20080919-jaf/wav/b0092 JayCutlersBrother JayCutlersBrother
JayCutlersBrother-20080919-jaf/wav/b0093 JayCutlersBrother JayCutlersBrother
JayCutlersBrother-20080919-jaf/wav/b0094 JayCutlersBrother JayCutlersBrother
JayCutlersBrother-20080919-jaf/wav/b0095 JayCutlersBrother JayCutlersBrother
JayCutlersBrother-20080919-mbz/wav/a0069 JayCutlersBrother JayCutlersBrother
JayCutlersBrother-20080919-mbz/wav/a0070 JayCutlersBrother JayCutlersBrother
JayCutlersBrother-20080919-mbz/wav/a0071 JayCutlersBrother JayCutlersBrother
JayCutlersBrother-20080919-mbz/wav/a0072 JayCutlersBrother JayCutlersBrother
JayCutlersBrother-20080919-mbz/wav/a0073 JayCutlersBrother JayCutlersBrother
JayCutlersBrother-20080919-mbz/wav/a0074 JayCutlersBrother JayCutlersBrother
JayCutlersBrother-20080919-mbz/wav/a0075 JayCutlersBrother JayCutlersBrother
JayCutlersBrother-20080919-mbz/wav/a0076 JayCutlersBrother JayCutlersBrother
JayCutlersBrother-20080919-mbz/wav/a0077 JayCutlersBrother JayCutlersBrother
JayCutlersBrother-20080919-mbz/wav/a0078 JayCutlersBrother JayCutlersBrother
JayCutlersBrother-20080919-nlx/wav/b0500 JayCutlersBrother JayCutlersBrother
JayCutlersBrother-20080919-nlx/wav/b0501 JayCutlersBrother JayCutlersBrother
JayCutlersBrother-20080919-nlx/wav/b0502 JayCutlersBrother JayCutlersBrother
JayCutlersBrother-20080919-nlx/wav/b0503 JayCutlersBrother JayCutlersBrother
JayCutlersBrother-20080919-nlx/wav/b0504 JayCutlersBrother JayCutlersBrother
JayCutlersBrother-20080919-nlx/wav/b0505 JayCutlersBrother JayCutlersBrother
JayCutlersBrother-20080919-nlx/wav/b0506 JayCutlersBrother JayCutlersBrother
JayCutlersBrother-20080919-nlx/wav/b0507 JayCutlersBrother JayCutlersBrother
JayCutlersBrother-20080919-nlx/wav/b0508 JayCutlersBrother JayCutlersBrother
JayCutlersBrother-20080919-nlx/wav/b0509 JayCutlersBrother JayCutlersBrother
JayCutlersBrother-20080919-ovg/wav/a0398 JayCutlersBrother JayCutlersBrother
JayCutlersBrother-20080919-ovg/wav/a0399 JayCutlersBrother JayCutlersBrother
JayCutlersBrother-20080919-ovg/wav/a0400 JayCutlersBrother JayCutlersBrother
JayCutlersBrother-20080919-ovg/wav/a0401 JayCutlersBrother JayCutlersBrother
JayCutlersBrother-20080919-ovg/wav/a0402 JayCutlersBrother JayCutlersBrother
JayCutlersBrother-20080919-ovg/wav/a0403 JayCutlersBrother JayCutlersBrother
JayCutlersBrother-20080919-ovg/wav/a0404 JayCutlersBrother JayCutlersBrother
JayCutlersBrother-20080919-ovg/wav/a0405 JayCutlersBrother JayCutlersBrother
JayCutlersBrother-20080919-ovg/wav/a0406 JayCutlersBrother JayCutlersBrother
JayCutlersBrother-20080919-ovg/wav/a0407 JayCutlersBrother JayCutlersBrother
JayCutlersBrother-20080919-psp/wav/b0111 JayCutlersBrother JayCutlersBrother
JayCutlersBrother-20080919-psp/wav/b0112 JayCutlersBrother JayCutlersBrother
JayCutlersBrother-20080919-psp/wav/b0113 JayCutlersBrother JayCutlersBrother
JayCutlersBrother-20080919-psp/wav/b0114 JayCutlersBrother JayCutlersBrother
JayCutlersBrother-20080919-psp/wav/b0115 JayCutlersBrother JayCutlersBrother
JayCutlersBrother-20080919-psp/wav/b0116 JayCutlersBrother JayCutlersBrother
JayCutlersBrother-20080919-psp/wav/b0117 JayCutlersBrother JayCutlersBrother
JayCutlersBrother-20080919-psp/wav/b0118 JayCutlersBrother JayCutlersBrother
JayCutlersBrother-20080919-psp/wav/b0119 JayCutlersBrother JayCutlersBrother
JayCutlersBrother-20080919-psp/wav/b0120 JayCutlersBrother JayCutlersBrother
JayCutlersBrother-20080919-pus/wav/a0263 JayCutlersBrother JayCutlersBrother
JayCutlersBrother-20080919-pus/wav/a0264 JayCutlersBrother JayCutlersBrother
JayCutlersBrother-20080919-pus/wav/a0265 JayCutlersBrother JayCutlersBrother
JayCutlersBrother-20080919-pus/wav/a0266 JayCutlersBrother JayCutlersBrother
JayCutlersBrother-20080919-pus/wav/a0267 JayCutlersBrother JayCutlersBrother
JayCutlersBrother-20080919-pus/wav/a0268 JayCutlersBrother JayCutlersBrother
JayCutlersBrother-20080919-pus/wav/a0269 JayCutlersBrother JayCutlersBrother
JayCutlersBrother-20080919-pus/wav/a0270 JayCutlersBrother JayCutlersBrother
JayCutlersBrother-20080919-pus/wav/a0271 JayCutlersBrother JayCutlersBrother
JayCutlersBrother-20080919-pus/wav/a0272 JayCutlersBrother JayCutlersBrother
JayCutlersBrother-20080919-rih/wav/b0251 JayCutlersBrother JayCutlersBrother
JayCutlersBrother-20080919-rih/wav/b0252 JayCutlersBrother JayCutlersBrother
JayCutlersBrother-20080919-rih/wav/b0253 JayCutlersBrother JayCutlersBrother
JayCutlersBrother-20080919-rih/wav/b0254 JayCutlersBrother JayCutlersBrother
JayCutlersBrother-20080919-rih/wav/b0255 JayCutlersBrother JayCutlersBrother
JayCutlersBrother-20080919-rih/wav/b0256 JayCutlersBrother JayCutlersBrother
JayCutlersBrother-20080919-rih/wav/b0257 JayCutlersBrother JayCutlersBrother
JayCutlersBrother-20080919-rih/wav/b0258 JayCutlersBrother JayCutlersBrother
JayCutlersBrother-20080919-rih/wav/b0259 JayCutlersBrother JayCutlersBrother
JayCutlersBrother-20080919-rih/wav/b0260 JayCutlersBrother JayCutlersBrother
JayCutlersBrother-20080919-ryd/wav/a0398 JayCutlersBrother JayCutlersBrother
JayCutlersBrother-20080919-ryd/wav/a0399 JayCutlersBrother JayCutlersBrother
JayCutlersBrother-20080919-ryd/wav/a0400 JayCutlersBrother JayCutlersBrother
JayCutlersBrother-20080919-ryd/wav/a0401 JayCutlersBrother JayCutlersBrother
JayCutlersBrother-20080919-ryd/wav/a0402 JayCutlersBrother JayCutlersBrother
JayCutlersBrother-20080919-ryd/wav/a0403 JayCutlersBrother JayCutlersBrother
JayCutlersBrother-20080919-ryd/wav/a0404 JayCutlersBrother JayCutlersBrother
JayCutlersBrother-20080919-ryd/wav/a0405 JayCutlersBrother JayCutlersBrother
JayCutlersBrother-20080919-ryd/wav/a0406 JayCutlersBrother JayCutlersBrother
JayCutlersBrother-20080919-ryd/wav/a0407 JayCutlersBrother JayCutlersBrother
JayCutlersBrother-20080919-siv/wav/a0059 JayCutlersBrother JayCutlersBrother
JayCutlersBrother-20080919-siv/wav/a0060 JayCutlersBrother JayCutlersBrother
JayCutlersBrother-20080919-siv/wav/a0061 JayCutlersBrother JayCutlersBrother
JayCutlersBrother-20080919-siv/wav/a0062 JayCutlersBrother JayCutlersBrother
JayCutlersBrother-20080919-siv/wav/a0063 JayCutlersBrother JayCutlersBrother
JayCutlersBrother-20080919-siv/wav/a0064 JayCutlersBrother JayCutlersBrother
JayCutlersBrother-20080919-siv/wav/a0065 JayCutlersBrother JayCutlersBrother
JayCutlersBrother-20080919-siv/wav/a0066 JayCutlersBrother JayCutlersBrother
JayCutlersBrother-20080919-siv/wav/a0067 JayCutlersBrother JayCutlersBrother
JayCutlersBrother-20080919-siv/wav/a0068 JayCutlersBrother JayCutlersBrother
JayCutlersBrother-20080919-szm/wav/a0400 JayCutlersBrother JayCutlersBrother
JayCutlersBrother-20080919-szm/wav/a0401 JayCutlersBrother JayCutlersBrother
JayCutlersBrother-20080919-szm/wav/a0402 JayCutlersBrother JayCutlersBrother
JayCutlersBrother-20080919-szm/wav/a0403 JayCutlersBrother JayCutlersBrother
JayCutlersBrother-20080919-szm/wav/a0404 JayCutlersBrother JayCutlersBrother
JayCutlersBrother-20080919-szm/wav/a0405 JayCutlersBrother JayCutlersBrother
JayCutlersBrother-20080919-szm/wav/a0406 JayCutlersBrother JayCutlersBrother
JayCutlersBrother-20080919-szm/wav/a0407 JayCutlersBrother JayCutlersBrother
JayCutlersBrother-20080919-szm/wav/a0408 JayCutlersBrother JayCutlersBrother
JayCutlersBrother-20080919-szm/wav/a0409 JayCutlersBrother JayCutlersBrother
JayCutlersBrother-20080919-uau/wav/a0516 JayCutlersBrother JayCutlersBrother
JayCutlersBrother-20080919-uau/wav/a0517 JayCutlersBrother JayCutlersBrother
JayCutlersBrother-20080919-uau/wav/a0518 JayCutlersBrother JayCutlersBrother
JayCutlersBrother-20080919-uau/wav/a0519 JayCutlersBrother JayCutlersBrother
JayCutlersBrother-20080919-uau/wav/a0520 JayCutlersBrother JayCutlersBrother
JayCutlersBrother-20080919-uau/wav/a0521 JayCutlersBrother JayCutlersBrother
JayCutlersBrother-20080919-uau/wav/a0522 JayCutlersBrother JayCutlersBrother
JayCutlersBrother-20080919-uau/wav/a0523 JayCutlersBrother JayCutlersBrother
JayCutlersBrother-20080919-uau/wav/a0524 JayCutlersBrother JayCutlersBrother
JayCutlersBrother-20080919-uau/wav/a0525 JayCutlersBrother JayCutlersBrother
JayCutlersBrother-20080919-vdn/wav/a0258 JayCutlersBrother JayCutlersBrother
JayCutlersBrother-20080919-vdn/wav/a0259 JayCutlersBrother JayCutlersBrother
JayCutlersBrother-20080919-vdn/wav/a0260 JayCutlersBrother JayCutlersBrother
JayCutlersBrother-20080919-vdn/wav/a0261 JayCutlersBrother JayCutlersBrother
JayCutlersBrother-20080919-vdn/wav/a0262 JayCutlersBrother JayCutlersBrother
JayCutlersBrother-20080919-vdn/wav/a0263 JayCutlersBrother JayCutlersBrother
JayCutlersBrother-20080919-vdn/wav/a0264 JayCutlersBrother JayCutlersBrother
JayCutlersBrother-20080919-vdn/wav/a0265 JayCutlersBrother JayCutlersBrother
JayCutlersBrother-20080919-vdn/wav/a0266 JayCutlersBrother JayCutlersBrother
JayCutlersBrother-20080919-vdn/wav/a0267 JayCutlersBrother JayCutlersBrother
JayCutlersBrother-20080919-vev/wav/ar-01 JayCutlersBrother JayCutlersBrother
JayCutlersBrother-20080919-vev/wav/ar-02 JayCutlersBrother JayCutlersBrother
JayCutlersBrother-20080919-vev/wav/rp-24 JayCutlersBrother JayCutlersBrother
JayCutlersBrother-20080919-vev/wav/rp-25 JayCutlersBrother JayCutlersBrother
JayCutlersBrother-20080919-vev/wav/rp-26 JayCutlersBrother JayCutlersBrother
JayCutlersBrother-20080919-vev/wav/rp-27 JayCutlersBrother JayCutlersBrother
JayCutlersBrother-20080919-vev/wav/rp-28 JayCutlersBrother JayCutlersBrother
JayCutlersBrother-20080919-vev/wav/rp-29 JayCutlersBrother JayCutlersBrother
JayCutlersBrother-20080919-vev/wav/rp-30 JayCutlersBrother JayCutlersBrother
JayCutlersBrother-20080919-vev/wav/rp-31 JayCutlersBrother JayCutlersBrother
JayCutlersBrother-20080919-vre/wav/b0474 JayCutlersBrother JayCutlersBrother
JayCutlersBrother-20080919-vre/wav/b0475 JayCutlersBrother JayCutlersBrother
JayCutlersBrother-20080919-vre/wav/b0476 JayCutlersBrother JayCutlersBrother
JayCutlersBrother-20080919-vre/wav/b0477 JayCutlersBrother JayCutlersBrother
JayCutlersBrother-20080919-vre/wav/b0478 JayCutlersBrother JayCutlersBrother
JayCutlersBrother-20080919-vre/wav/b0479 JayCutlersBrother JayCutlersBrother
JayCutlersBrother-20080919-vre/wav/b0480 JayCutlersBrother JayCutlersBrother
JayCutlersBrother-20080919-vre/wav/b0481 JayCutlersBrother JayCutlersBrother
JayCutlersBrother-20080919-vre/wav/b0482 JayCutlersBrother JayCutlersBrother
JayCutlersBrother-20080919-vre/wav/b0483 JayCutlersBrother JayCutlersBrother
JayCutlersBrother-20080919-wqq/wav/a0203 JayCutlersBrother JayCutlersBrother
JayCutlersBrother-20080919-wqq/wav/a0204 JayCutlersBrother JayCutlersBrother
JayCutlersBrother-20080919-wqq/wav/a0205 JayCutlersBrother JayCutlersBrother
JayCutlersBrother-20080919-wqq/wav/a0206 JayCutlersBrother JayCutlersBrother
JayCutlersBrother-20080919-wqq/wav/a0207 JayCutlersBrother JayCutlersBrother
JayCutlersBrother-20080919-wqq/wav/a0208 JayCutlersBrother JayCutlersBrother
JayCutlersBrother-20080919-wqq/wav/a0209 JayCutlersBrother JayCutlersBrother
JayCutlersBrother-20080919-wqq/wav/a0210 JayCutlersBrother JayCutlersBrother
JayCutlersBrother-20080919-wqq/wav/a0211 JayCutlersBrother JayCutlersBrother
JayCutlersBrother-20080919-wqq/wav/a0212 JayCutlersBrother JayCutlersBrother
JohanLingen-20080304-fse/wav/a0018 JohanLingen JohanLingen
JohanLingen-20080304-fse/wav/a0019 JohanLingen JohanLingen
JohanLingen-20080304-fse/wav/a0020 JohanLingen JohanLingen
JohanLingen-20080304-fse/wav/a0021 JohanLingen JohanLingen
JohanLingen-20080304-fse/wav/a0022 JohanLingen JohanLingen
JohanLingen-20080304-fse/wav/a0023 JohanLingen JohanLingen
JohanLingen-20080304-fse/wav/a0024 JohanLingen JohanLingen
JohanLingen-20080304-fse/wav/a0025 JohanLingen JohanLingen
JohanLingen-20080304-fse/wav/a0026 JohanLingen JohanLingen
JohanLingen-20080304-fse/wav/a0027 JohanLingen JohanLingen
JohanLingen-20080304-lpt/wav/b0156 JohanLingen JohanLingen
JohanLingen-20080304-lpt/wav/b0157 JohanLingen JohanLingen
JohanLingen-20080304-lpt/wav/b0158 JohanLingen JohanLingen
JohanLingen-20080304-lpt/wav/b0159 JohanLingen JohanLingen
JohanLingen-20080304-lpt/wav/b0160 JohanLingen JohanLingen
JohanLingen-20080304-lpt/wav/b0161 JohanLingen JohanLingen
JohanLingen-20080304-lpt/wav/b0162 JohanLingen JohanLingen
JohanLingen-20080304-lpt/wav/b0163 JohanLingen JohanLingen
JohanLingen-20080304-lpt/wav/b0164 JohanLingen JohanLingen
JohanLingen-20080304-lpt/wav/b0165 JohanLingen JohanLingen
JohanLingen-20080304-myv/wav/b0170 JohanLingen JohanLingen
JohanLingen-20080304-myv/wav/b0171 JohanLingen JohanLingen
JohanLingen-20080304-myv/wav/b0172 JohanLingen JohanLingen
JohanLingen-20080304-myv/wav/b0173 JohanLingen JohanLingen
JohanLingen-20080304-myv/wav/b0174 JohanLingen JohanLingen
JohanLingen-20080304-myv/wav/b0175 JohanLingen JohanLingen
JohanLingen-20080304-myv/wav/b0176 JohanLingen JohanLingen
JohanLingen-20080304-myv/wav/b0177 JohanLingen JohanLingen
JohanLingen-20080304-myv/wav/b0178 JohanLingen JohanLingen
JohanLingen-20080304-myv/wav/b0179 JohanLingen JohanLingen
JohanLingen-20080304-wfq/wav/b0253 JohanLingen JohanLingen
JohanLingen-20080304-wfq/wav/b0254 JohanLingen JohanLingen
JohanLingen-20080304-wfq/wav/b0255 JohanLingen JohanLingen
JohanLingen-20080304-wfq/wav/b0256 JohanLingen JohanLingen
JohanLingen-20080304-wfq/wav/b0257 JohanLingen JohanLingen
JohanLingen-20080304-wfq/wav/b0258 JohanLingen JohanLingen
JohanLingen-20080304-wfq/wav/b0259 JohanLingen JohanLingen
JohanLingen-20080304-wfq/wav/b0260 JohanLingen JohanLingen
JohanLingen-20080304-wfq/wav/b0261 JohanLingen JohanLingen
JohanLingen-20080304-wfq/wav/b0262 JohanLingen JohanLingen
JohanLingen-20080306-dbl/wav/a0208 JohanLingen JohanLingen
JohanLingen-20080306-dbl/wav/a0209 JohanLingen JohanLingen
JohanLingen-20080306-dbl/wav/a0210 JohanLingen JohanLingen
JohanLingen-20080306-dbl/wav/a0211 JohanLingen JohanLingen
JohanLingen-20080306-dbl/wav/a0212 JohanLingen JohanLingen
JohanLingen-20080306-dbl/wav/a0213 JohanLingen JohanLingen
JohanLingen-20080306-dbl/wav/a0214 JohanLingen JohanLingen
JohanLingen-20080306-dbl/wav/a0215 JohanLingen JohanLingen
JohanLingen-20080306-dbl/wav/a0216 JohanLingen JohanLingen
JohanLingen-20080306-dbl/wav/a0217 JohanLingen JohanLingen
JohanLingen-20080306-nov/wav/a0557 JohanLingen JohanLingen
JohanLingen-20080306-nov/wav/a0558 JohanLingen JohanLingen
JohanLingen-20080306-nov/wav/a0559 JohanLingen JohanLingen
JohanLingen-20080306-nov/wav/a0560 JohanLingen JohanLingen
JohanLingen-20080306-nov/wav/a0561 JohanLingen JohanLingen
JohanLingen-20080306-nov/wav/a0562 JohanLingen JohanLingen
JohanLingen-20080306-nov/wav/a0563 JohanLingen JohanLingen
JohanLingen-20080306-nov/wav/a0564 JohanLingen JohanLingen
JohanLingen-20080306-nov/wav/a0565 JohanLingen JohanLingen
JohanLingen-20080306-nov/wav/a0566 JohanLingen JohanLingen
JohanLingen-20080306-utt/wav/a0535 JohanLingen JohanLingen
JohanLingen-20080306-utt/wav/a0536 JohanLingen JohanLingen
JohanLingen-20080306-utt/wav/a0537 JohanLingen JohanLingen
JohanLingen-20080306-utt/wav/a0538 JohanLingen JohanLingen
JohanLingen-20080306-utt/wav/a0539 JohanLingen JohanLingen
JohanLingen-20080306-utt/wav/a0540 JohanLingen JohanLingen
JohanLingen-20080306-utt/wav/a0541 JohanLingen JohanLingen
JohanLingen-20080306-utt/wav/a0542 JohanLingen JohanLingen
JohanLingen-20080306-utt/wav/a0543 JohanLingen JohanLingen
JohanLingen-20080306-utt/wav/a0544 JohanLingen JohanLingen
JohanLingen-20080306-xvq/wav/a0188 JohanLingen JohanLingen
JohanLingen-20080306-xvq/wav/a0189 JohanLingen JohanLingen
JohanLingen-20080306-xvq/wav/a0190 JohanLingen JohanLingen
JohanLingen-20080306-xvq/wav/a0191 JohanLingen JohanLingen
JohanLingen-20080306-xvq/wav/a0192 JohanLingen JohanLingen
JohanLingen-20080306-xvq/wav/a0193 JohanLingen JohanLingen
JohanLingen-20080306-xvq/wav/a0194 JohanLingen JohanLingen
JohanLingen-20080306-xvq/wav/a0195 JohanLingen JohanLingen
JohanLingen-20080306-xvq/wav/a0196 JohanLingen JohanLingen
JohanLingen-20080306-xvq/wav/a0197 JohanLingen JohanLingen
JohanLingen-20080306-zqm/wav/a0179 JohanLingen JohanLingen
JohanLingen-20080306-zqm/wav/a0180 JohanLingen JohanLingen
JohanLingen-20080306-zqm/wav/a0181 JohanLingen JohanLingen
JohanLingen-20080306-zqm/wav/a0182 JohanLingen JohanLingen
JohanLingen-20080306-zqm/wav/a0183 JohanLingen JohanLingen
JohanLingen-20080306-zqm/wav/a0184 JohanLingen JohanLingen
JohanLingen-20080306-zqm/wav/a0185 JohanLingen JohanLingen
JohanLingen-20080306-zqm/wav/a0186 JohanLingen JohanLingen
JohanLingen-20080306-zqm/wav/a0187 JohanLingen JohanLingen
JohanLingen-20080306-zqm/wav/a0188 JohanLingen JohanLingen
lindavg-20081007-eym/wav/a0388 lindavg lindavg
lindavg-20081007-eym/wav/a0389 lindavg lindavg
lindavg-20081007-eym/wav/a0390 lindavg lindavg
lindavg-20081007-eym/wav/a0391 lindavg lindavg
lindavg-20081007-eym/wav/a0392 lindavg lindavg
lindavg-20081007-eym/wav/a0393 lindavg lindavg
lindavg-20081007-eym/wav/a0394 lindavg lindavg
lindavg-20081007-eym/wav/a0395 lindavg lindavg
lindavg-20081007-eym/wav/a0396 lindavg lindavg
lindavg-20081007-eym/wav/a0397 lindavg lindavg
lindavg-20081007-fap/wav/b0526 lindavg lindavg
lindavg-20081007-fap/wav/b0527 lindavg lindavg
lindavg-20081007-fap/wav/b0528 lindavg lindavg
lindavg-20081007-fap/wav/b0529 lindavg lindavg
lindavg-20081007-fap/wav/b0530 lindavg lindavg
lindavg-20081007-fap/wav/b0531 lindavg lindavg
lindavg-20081007-fap/wav/b0532 lindavg lindavg
lindavg-20081007-fap/wav/b0533 lindavg lindavg
lindavg-20081007-fap/wav/b0534 lindavg lindavg
lindavg-20081007-fap/wav/b0535 lindavg lindavg
lindavg-20081007-heh/wav/b0338 lindavg lindavg
lindavg-20081007-heh/wav/b0339 lindavg lindavg
lindavg-20081007-heh/wav/b0340 lindavg lindavg
lindavg-20081007-heh/wav/b0341 lindavg lindavg
lindavg-20081007-heh/wav/b0342 lindavg lindavg
lindavg-20081007-heh/wav/b0343 lindavg lindavg
lindavg-20081007-heh/wav/b0344 lindavg lindavg
lindavg-20081007-heh/wav/b0345 lindavg lindavg
lindavg-20081007-heh/wav/b0346 lindavg lindavg
lindavg-20081007-heh/wav/b0347 lindavg lindavg
lindavg-20081007-jyk/wav/a0066 lindavg lindavg
lindavg-20081007-jyk/wav/a0067 lindavg lindavg
lindavg-20081007-jyk/wav/a0068 lindavg lindavg
lindavg-20081007-jyk/wav/a0069 lindavg lindavg
lindavg-20081007-jyk/wav/a0070 lindavg lindavg
lindavg-20081007-jyk/wav/a0071 lindavg lindavg
lindavg-20081007-jyk/wav/a0072 lindavg lindavg
lindavg-20081007-jyk/wav/a0073 lindavg lindavg
lindavg-20081007-jyk/wav/a0074 lindavg lindavg
lindavg-20081007-jyk/wav/a0075 lindavg lindavg
lindavg-20081007-lxd/wav/a0306 lindavg lindavg
lindavg-20081007-lxd/wav/a0307 lindavg lindavg
lindavg-20081007-lxd/wav/a0308 lindavg lindavg
lindavg-20081007-lxd/wav/a0309 lindavg lindavg
lindavg-20081007-lxd/wav/a0310 lindavg lindavg
lindavg-20081007-lxd/wav/a0311 lindavg lindavg
lindavg-20081007-lxd/wav/a0312 lindavg lindavg
lindavg-20081007-lxd/wav/a0313 lindavg lindavg
lindavg-20081007-lxd/wav/a0314 lindavg lindavg
lindavg-20081007-lxd/wav/a0315 lindavg lindavg
lindavg-20081007-ocy/wav/b0518 lindavg lindavg
lindavg-20081007-ocy/wav/b0519 lindavg lindavg
lindavg-20081007-ocy/wav/b0520 lindavg lindavg
lindavg-20081007-ocy/wav/b0521 lindavg lindavg
lindavg-20081007-ocy/wav/b0522 lindavg lindavg
lindavg-20081007-ocy/wav/b0523 lindavg lindavg
lindavg-20081007-ocy/wav/b0524 lindavg lindavg
lindavg-20081007-ocy/wav/b0525 lindavg lindavg
lindavg-20081007-ocy/wav/b0526 lindavg lindavg
lindavg-20081007-ocy/wav/b0527 lindavg lindavg
lindavg-20081007-ovc/wav/b0445 lindavg lindavg
lindavg-20081007-ovc/wav/b0446 lindavg lindavg
lindavg-20081007-ovc/wav/b0447 lindavg lindavg
lindavg-20081007-ovc/wav/b0448 lindavg lindavg
lindavg-20081007-ovc/wav/b0449 lindavg lindavg
lindavg-20081007-ovc/wav/b0450 lindavg lindavg
lindavg-20081007-ovc/wav/b0451 lindavg lindavg
lindavg-20081007-ovc/wav/b0452 lindavg lindavg
lindavg-20081007-ovc/wav/b0453 lindavg lindavg
lindavg-20081007-ovc/wav/b0454 lindavg lindavg
lindavg-20081007-oyi/wav/a0354 lindavg lindavg
lindavg-20081007-oyi/wav/a0355 lindavg lindavg
lindavg-20081007-oyi/wav/a0356 lindavg lindavg
lindavg-20081007-oyi/wav/a0357 lindavg lindavg
lindavg-20081007-oyi/wav/a0358 lindavg lindavg
lindavg-20081007-oyi/wav/a0359 lindavg lindavg
lindavg-20081007-oyi/wav/a0360 lindavg lindavg
lindavg-20081007-oyi/wav/a0361 lindavg lindavg
lindavg-20081007-oyi/wav/a0362 lindavg lindavg
lindavg-20081007-oyi/wav/a0363 lindavg lindavg
lindavg-20081007-snd/wav/rb-09 lindavg lindavg
lindavg-20081007-snd/wav/rb-10 lindavg lindavg
lindavg-20081007-snd/wav/rb-11 lindavg lindavg
lindavg-20081007-snd/wav/rb-12 lindavg lindavg
lindavg-20081007-snd/wav/rb-13 lindavg lindavg
lindavg-20081007-snd/wav/rb-14 lindavg lindavg
lindavg-20081007-snd/wav/rb-15 lindavg lindavg
lindavg-20081007-snd/wav/rb-16 lindavg lindavg
lindavg-20081007-snd/wav/rb-17 lindavg lindavg
lindavg-20081007-snd/wav/rb-18 lindavg lindavg
lindavg-20081007-trz/wav/a0260 lindavg lindavg
lindavg-20081007-trz/wav/a0261 lindavg lindavg
lindavg-20081007-trz/wav/a0262 lindavg lindavg
lindavg-20081007-trz/wav/a0263 lindavg lindavg
lindavg-20081007-trz/wav/a0264 lindavg lindavg
lindavg-20081007-trz/wav/a0265 lindavg lindavg
lindavg-20081007-trz/wav/a0266 lindavg lindavg
lindavg-20081007-trz/wav/a0267 lindavg lindavg
lindavg-20081007-trz/wav/a0268 lindavg lindavg
lindavg-20081007-trz/wav/a0269 lindavg lindavg
lindavg-20081007-wxe/wav/a0110 lindavg lindavg
lindavg-20081007-wxe/wav/a0111 lindavg lindavg
lindavg-20081007-wxe/wav/a0112 lindavg lindavg
lindavg-20081007-wxe/wav/a0113 lindavg lindavg
lindavg-20081007-wxe/wav/a0114 lindavg lindavg
lindavg-20081007-wxe/wav/a0115 lindavg lindavg
lindavg-20081007-wxe/wav/a0116 lindavg lindavg
lindavg-20081007-wxe/wav/a0117 lindavg lindavg
lindavg-20081007-wxe/wav/a0118 lindavg lindavg
lindavg-20081007-wxe/wav/a0119 lindavg lindavg
lindavg-20081007-wyi/wav/a0497 lindavg lindavg
lindavg-20081007-wyi/wav/a0498 lindavg lindavg
lindavg-20081007-wyi/wav/a0499 lindavg lindavg
lindavg-20081007-wyi/wav/a0500 lindavg lindavg
lindavg-20081007-wyi/wav/a0501 lindavg lindavg
lindavg-20081007-wyi/wav/a0502 lindavg lindavg
lindavg-20081007-wyi/wav/a0503 lindavg lindavg
lindavg-20081007-wyi/wav/a0504 lindavg lindavg
lindavg-20081007-wyi/wav/a0505 lindavg lindavg
lindavg-20081007-wyi/wav/a0506 lindavg lindavg
mikethecoach-20111106-vqm/wav/a0136 mikethecoach mikethecoach
mikethecoach-20111106-vqm/wav/a0137 mikethecoach mikethecoach
mikethecoach-20111106-vqm/wav/a0138 mikethecoach mikethecoach
mikethecoach-20111106-vqm/wav/a0139 mikethecoach mikethecoach
mikethecoach-20111106-vqm/wav/a0140 mikethecoach mikethecoach
mikethecoach-20111106-vqm/wav/a0141 mikethecoach mikethecoach
mikethecoach-20111106-vqm/wav/a0142 mikethecoach mikethecoach
mikethecoach-20111106-vqm/wav/a0143 mikethecoach mikethecoach
mikethecoach-20111106-vqm/wav/a0144 mikethecoach mikethecoach
mikethecoach-20111106-vqm/wav/a0145 mikethecoach mikethecoach
mikethecoach-20111106-xbo/wav/b0502 mikethecoach mikethecoach
mikethecoach-20111106-xbo/wav/b0503 mikethecoach mikethecoach
mikethecoach-20111106-xbo/wav/b0504 mikethecoach mikethecoach
mikethecoach-20111106-xbo/wav/b0505 mikethecoach mikethecoach
mikethecoach-20111106-xbo/wav/b0506 mikethecoach mikethecoach
mikethecoach-20111106-xbo/wav/b0507 mikethecoach mikethecoach
mikethecoach-20111106-xbo/wav/b0508 mikethecoach mikethecoach
mikethecoach-20111106-xbo/wav/b0509 mikethecoach mikethecoach
mikethecoach-20111106-xbo/wav/b0510 mikethecoach mikethecoach
mikethecoach-20111106-xbo/wav/b0511 mikethecoach mikethecoach
mikethecoach-20111106-xez/wav/a0500 mikethecoach mikethecoach
mikethecoach-20111106-xez/wav/a0501 mikethecoach mikethecoach
mikethecoach-20111106-xez/wav/a0502 mikethecoach mikethecoach
mikethecoach-20111106-xez/wav/a0503 mikethecoach mikethecoach
mikethecoach-20111106-xez/wav/a0504 mikethecoach mikethecoach
mikethecoach-20111106-xez/wav/a0505 mikethecoach mikethecoach
mikethecoach-20111106-xez/wav/a0506 mikethecoach mikethecoach
mikethecoach-20111106-xez/wav/a0508 mikethecoach mikethecoach
mikethecoach-20111106-xez/wav/a0509 mikethecoach mikethecoach
mikethecoach-20111106-xez/wav/a0510 mikethecoach mikethecoach
mikethecoach-20111106-xpw/wav/a0247 mikethecoach mikethecoach
mikethecoach-20111106-xpw/wav/a0248 mikethecoach mikethecoach
mikethecoach-20111106-xpw/wav/a0249 mikethecoach mikethecoach
mikethecoach-20111106-xpw/wav/a0250 mikethecoach mikethecoach
mikethecoach-20111106-xpw/wav/a0251 mikethecoach mikethecoach
mikethecoach-20111106-xpw/wav/a0252 mikethecoach mikethecoach
mikethecoach-20111106-xpw/wav/a0253 mikethecoach mikethecoach
mikethecoach-20111106-xpw/wav/a0254 mikethecoach mikethecoach
mikethecoach-20111106-xpw/wav/a0255 mikethecoach mikethecoach
mikethecoach-20111106-xpw/wav/a0256 mikethecoach mikethecoach
mikethecoach-20111106-xvg/wav/b0179 mikethecoach mikethecoach
mikethecoach-20111106-xvg/wav/b0180 mikethecoach mikethecoach
mikethecoach-20111106-xvg/wav/b0181 mikethecoach mikethecoach
mikethecoach-20111106-xvg/wav/b0182 mikethecoach mikethecoach
mikethecoach-20111106-xvg/wav/b0183 mikethecoach mikethecoach
mikethecoach-20111106-xvg/wav/b0184 mikethecoach mikethecoach
mikethecoach-20111106-xvg/wav/b0185 mikethecoach mikethecoach
mikethecoach-20111106-xvg/wav/b0186 mikethecoach mikethecoach
mikethecoach-20111106-xvg/wav/b0187 mikethecoach mikethecoach
mikethecoach-20111106-xvg/wav/b0188 mikethecoach mikethecoach
mikethecoach-20111106-zrj/wav/a0321 mikethecoach mikethecoach
mikethecoach-20111106-zrj/wav/a0322 mikethecoach mikethecoach
mikethecoach-20111106-zrj/wav/a0323 mikethecoach mikethecoach
mikethecoach-20111106-zrj/wav/a0324 mikethecoach mikethecoach
mikethecoach-20111106-zrj/wav/a0325 mikethecoach mikethecoach
mikethecoach-20111106-zrj/wav/a0326 mikethecoach mikethecoach
mikethecoach-20111106-zrj/wav/a0327 mikethecoach mikethecoach
mikethecoach-20111106-zrj/wav/a0328 mikethecoach mikethecoach
mikethecoach-20111106-zrj/wav/a0329 mikethecoach mikethecoach
mikethecoach-20111106-zrj/wav/a0330 mikethecoach mikethecoach
paddy-20080911-crt/wav/a0137 paddy paddy
paddy-20080911-crt/wav/a0138 paddy paddy
paddy-20080911-crt/wav/a0139 paddy paddy
paddy-20080911-crt/wav/a0140 paddy paddy
paddy-20080911-crt/wav/a0141 paddy paddy
paddy-20080911-crt/wav/a0142 paddy paddy
paddy-20080911-crt/wav/a0143 paddy paddy
paddy-20080911-crt/wav/a0144 paddy paddy
paddy-20080911-crt/wav/a0145 paddy paddy
paddy-20080911-crt/wav/a0146 paddy paddy
paddy-20080911-eeo/wav/a0039 paddy paddy
paddy-20080911-eeo/wav/a0040 paddy paddy
paddy-20080911-eeo/wav/a0041 paddy paddy
paddy-20080911-eeo/wav/a0042 paddy paddy
paddy-20080911-eeo/wav/a0043 paddy paddy
paddy-20080911-eeo/wav/a0044 paddy paddy
paddy-20080911-eeo/wav/a0045 paddy paddy
paddy-20080911-eeo/wav/a0046 paddy paddy
paddy-20080911-eeo/wav/a0047 paddy paddy
paddy-20080911-eeo/wav/a0048 paddy paddy
paddy-20080911-fdo/wav/a0466 paddy paddy
paddy-20080911-fdo/wav/a0467 paddy paddy
paddy-20080911-fdo/wav/a0468 paddy paddy
paddy-20080911-fdo/wav/a0469 paddy paddy
paddy-20080911-fdo/wav/a0470 paddy paddy
paddy-20080911-fdo/wav/a0471 paddy paddy
paddy-20080911-fdo/wav/a0472 paddy paddy
paddy-20080911-fdo/wav/a0473 paddy paddy
paddy-20080911-fdo/wav/a0474 paddy paddy
paddy-20080911-fdo/wav/a0475 paddy paddy
paddy-20080911-hun/wav/a0497 paddy paddy
paddy-20080911-hun/wav/a0498 paddy paddy
paddy-20080911-hun/wav/a0499 paddy paddy
paddy-20080911-hun/wav/a0500 paddy paddy
paddy-20080911-hun/wav/a0501 paddy paddy
paddy-20080911-hun/wav/a0502 paddy paddy
paddy-20080911-hun/wav/a0503 paddy paddy
paddy-20080911-hun/wav/a0504 paddy paddy
paddy-20080911-hun/wav/a0505 paddy paddy
paddy-20080911-hun/wav/a0506 paddy paddy
paddy-20080911-jbe/wav/a0114 paddy paddy
paddy-20080911-jbe/wav/a0115 paddy paddy
paddy-20080911-jbe/wav/a0116 paddy paddy
paddy-20080911-jbe/wav/a0117 paddy paddy
paddy-20080911-jbe/wav/a0118 paddy paddy
paddy-20080911-jbe/wav/a0119 paddy paddy
paddy-20080911-jbe/wav/a0120 paddy paddy
paddy-20080911-jbe/wav/a0121 paddy paddy
paddy-20080911-jbe/wav/a0122 paddy paddy
paddy-20080911-jbe/wav/a0123 paddy paddy
paddy-20080911-jtv/wav/b0144 paddy paddy
paddy-20080911-jtv/wav/b0145 paddy paddy
paddy-20080911-jtv/wav/b0146 paddy paddy
paddy-20080911-jtv/wav/b0147 paddy paddy
paddy-20080911-jtv/wav/b0148 paddy paddy
paddy-20080911-jtv/wav/b0149 paddy paddy
paddy-20080911-jtv/wav/b0150 paddy paddy
paddy-20080911-jtv/wav/b0151 paddy paddy
paddy-20080911-jtv/wav/b0152 paddy paddy
paddy-20080911-jtv/wav/b0153 paddy paddy
paddy-20080911-jyl/wav/ar-01 paddy paddy
paddy-20080911-jyl/wav/ar-02 paddy paddy
paddy-20080911-jyl/wav/ar-03 paddy paddy
paddy-20080911-jyl/wav/ar-04 paddy paddy
paddy-20080911-jyl/wav/ar-05 paddy paddy
paddy-20080911-jyl/wav/ar-06 paddy paddy
paddy-20080911-jyl/wav/ar-07 paddy paddy
paddy-20080911-jyl/wav/ar-08 paddy paddy
paddy-20080911-jyl/wav/rp-30 paddy paddy
paddy-20080911-jyl/wav/rp-31 paddy paddy
paddy-20080911-kaf/wav/b0313 paddy paddy
paddy-20080911-kaf/wav/b0314 paddy paddy
paddy-20080911-kaf/wav/b0315 paddy paddy
paddy-20080911-kaf/wav/b0316 paddy paddy
paddy-20080911-kaf/wav/b0317 paddy paddy
paddy-20080911-kaf/wav/b0318 paddy paddy
paddy-20080911-kaf/wav/b0319 paddy paddy
paddy-20080911-kaf/wav/b0320 paddy paddy
paddy-20080911-kaf/wav/b0321 paddy paddy
paddy-20080911-kaf/wav/b0322 paddy paddy
paddy-20080911-qzs/wav/b0283 paddy paddy
paddy-20080911-qzs/wav/b0284 paddy paddy
paddy-20080911-qzs/wav/b0285 paddy paddy
paddy-20080911-qzs/wav/b0286 paddy paddy
paddy-20080911-qzs/wav/b0287 paddy paddy
paddy-20080911-qzs/wav/b0288 paddy paddy
paddy-20080911-qzs/wav/b0289 paddy paddy
paddy-20080911-qzs/wav/b0290 paddy paddy
paddy-20080911-qzs/wav/b0291 paddy paddy
paddy-20080911-qzs/wav/b0292 paddy paddy
paddy-20080911-txn/wav/b0285 paddy paddy
paddy-20080911-txn/wav/b0286 paddy paddy
paddy-20080911-txn/wav/b0287 paddy paddy
paddy-20080911-txn/wav/b0288 paddy paddy
paddy-20080911-txn/wav/b0289 paddy paddy
paddy-20080911-txn/wav/b0290 paddy paddy
paddy-20080911-txn/wav/b0291 paddy paddy
paddy-20080911-txn/wav/b0292 paddy paddy
paddy-20080911-txn/wav/b0293 paddy paddy
paddy-20080911-txn/wav/b0294 paddy paddy
paddy-20080911-tyg/wav/a0582 paddy paddy
paddy-20080911-tyg/wav/a0583 paddy paddy
paddy-20080911-tyg/wav/a0584 paddy paddy
paddy-20080911-tyg/wav/a0585 paddy paddy
paddy-20080911-tyg/wav/a0586 paddy paddy
paddy-20080911-tyg/wav/a0587 paddy paddy
paddy-20080911-tyg/wav/a0588 paddy paddy
paddy-20080911-tyg/wav/a0589 paddy paddy
paddy-20080911-tyg/wav/a0590 paddy paddy
paddy-20080911-tyg/wav/a0591 paddy paddy
paddy-20080911-uwe/wav/b0254 paddy paddy
paddy-20080911-uwe/wav/b0255 paddy paddy
paddy-20080911-uwe/wav/b0256 paddy paddy
paddy-20080911-uwe/wav/b0257 paddy paddy
paddy-20080911-uwe/wav/b0258 paddy paddy
paddy-20080911-uwe/wav/b0259 paddy paddy
paddy-20080911-uwe/wav/b0260 paddy paddy
paddy-20080911-uwe/wav/b0261 paddy paddy
paddy-20080911-uwe/wav/b0262 paddy paddy
paddy-20080911-uwe/wav/b0263 paddy paddy
paddy-20080911-wby/wav/b0085 paddy paddy
paddy-20080911-wby/wav/b0086 paddy paddy
paddy-20080911-wby/wav/b0087 paddy paddy
paddy-20080911-wby/wav/b0088 paddy paddy
paddy-20080911-wby/wav/b0089 paddy paddy
paddy-20080911-wby/wav/b0090 paddy paddy
paddy-20080911-wby/wav/b0091 paddy paddy
paddy-20080911-wby/wav/b0092 paddy paddy
paddy-20080911-wby/wav/b0093 paddy paddy
paddy-20080911-wby/wav/b0094 paddy paddy
paddy-20080911-xep/wav/b0514 paddy paddy
paddy-20080911-xep/wav/b0515 paddy paddy
paddy-20080911-xep/wav/b0516 paddy paddy
paddy-20080911-xep/wav/b0517 paddy paddy
paddy-20080911-xep/wav/b0518 paddy paddy
paddy-20080911-xep/wav/b0519 paddy paddy
paddy-20080911-xep/wav/b0520 paddy paddy
paddy-20080911-xep/wav/b0521 paddy paddy
paddy-20080911-xep/wav/b0522 paddy paddy
paddy-20080911-xep/wav/b0523 paddy paddy
paddy-20080911-xuz/wav/a0284 paddy paddy
paddy-20080911-xuz/wav/a0285 paddy paddy
paddy-20080911-xuz/wav/a0286 paddy paddy
paddy-20080911-xuz/wav/a0287 paddy paddy
paddy-20080911-xuz/wav/a0288 paddy paddy
paddy-20080911-xuz/wav/a0289 paddy paddy
paddy-20080911-xuz/wav/a0290 paddy paddy
paddy-20080911-xuz/wav/a0291 paddy paddy
paddy-20080911-xuz/wav/a0292 paddy paddy
paddy-20080911-xuz/wav/a0293 paddy paddy
paddy-20080911-ynd/wav/a0584 paddy paddy
paddy-20080911-ynd/wav/a0585 paddy paddy
paddy-20080911-ynd/wav/a0586 paddy paddy
paddy-20080911-ynd/wav/a0587 paddy paddy
paddy-20080911-ynd/wav/a0588 paddy paddy
paddy-20080911-ynd/wav/a0589 paddy paddy
paddy-20080911-ynd/wav/a0590 paddy paddy
paddy-20080911-ynd/wav/a0591 paddy paddy
paddy-20080911-ynd/wav/a0592 paddy paddy
paddy-20080911-ynd/wav/a0593 paddy paddy
polerizer-20091226-iie/wav/a0339 polerizer polerizer
polerizer-20091226-iie/wav/a0340 polerizer polerizer
polerizer-20091226-iie/wav/a0341 polerizer polerizer
polerizer-20091226-iie/wav/a0342 polerizer polerizer
polerizer-20091226-iie/wav/a0343 polerizer polerizer
polerizer-20091226-iie/wav/a0344 polerizer polerizer
polerizer-20091226-iie/wav/a0345 polerizer polerizer
polerizer-20091226-iie/wav/a0346 polerizer polerizer
polerizer-20091226-iie/wav/a0347 polerizer polerizer
polerizer-20091226-iie/wav/a0348 polerizer polerizer
polerizer-20091226-noj/wav/a0464 polerizer polerizer
polerizer-20091226-noj/wav/a0465 polerizer polerizer
polerizer-20091226-noj/wav/a0466 polerizer polerizer
polerizer-20091226-noj/wav/a0467 polerizer polerizer
polerizer-20091226-noj/wav/a0468 polerizer polerizer
polerizer-20091226-noj/wav/a0469 polerizer polerizer
polerizer-20091226-noj/wav/a0470 polerizer polerizer
polerizer-20091226-noj/wav/a0471 polerizer polerizer
polerizer-20091226-noj/wav/a0472 polerizer polerizer
polerizer-20091226-noj/wav/a0473 polerizer polerizer
polerizer-20091226-nws/wav/b0159 polerizer polerizer
polerizer-20091226-nws/wav/b0160 polerizer polerizer
polerizer-20091226-nws/wav/b0161 polerizer polerizer
polerizer-20091226-nws/wav/b0162 polerizer polerizer
polerizer-20091226-nws/wav/b0163 polerizer polerizer
polerizer-20091226-nws/wav/b0164 polerizer polerizer
polerizer-20091226-nws/wav/b0165 polerizer polerizer
polerizer-20091226-nws/wav/b0166 polerizer polerizer
polerizer-20091226-nws/wav/b0167 polerizer polerizer
polerizer-20091226-nws/wav/b0168 polerizer polerizer
polerizer-20091226-ooi/wav/b0371 polerizer polerizer
polerizer-20091226-ooi/wav/b0372 polerizer polerizer
polerizer-20091226-ooi/wav/b0373 polerizer polerizer
polerizer-20091226-ooi/wav/b0374 polerizer polerizer
polerizer-20091226-ooi/wav/b0375 polerizer polerizer
polerizer-20091226-ooi/wav/b0376 polerizer polerizer
polerizer-20091226-ooi/wav/b0377 polerizer polerizer
polerizer-20091226-ooi/wav/b0378 polerizer polerizer
polerizer-20091226-ooi/wav/b0379 polerizer polerizer
polerizer-20091226-ooi/wav/b0380 polerizer polerizer
polerizer-20091226-rel/wav/a0283 polerizer polerizer
polerizer-20091226-rel/wav/a0284 polerizer polerizer
polerizer-20091226-rel/wav/a0285 polerizer polerizer
polerizer-20091226-rel/wav/a0286 polerizer polerizer
polerizer-20091226-rel/wav/a0287 polerizer polerizer
polerizer-20091226-rel/wav/a0288 polerizer polerizer
polerizer-20091226-rel/wav/a0289 polerizer polerizer
polerizer-20091226-rel/wav/a0290 polerizer polerizer
polerizer-20091226-rel/wav/a0291 polerizer polerizer
polerizer-20091226-rel/wav/a0292 polerizer polerizer
polerizer-20091226-vdf/wav/a0010 polerizer polerizer
polerizer-20091226-vdf/wav/a0011 polerizer polerizer
polerizer-20091226-vdf/wav/a0012 polerizer polerizer
polerizer-20091226-vdf/wav/a0013 polerizer polerizer
polerizer-20091226-vdf/wav/a0014 polerizer polerizer
polerizer-20091226-vdf/wav/a0015 polerizer polerizer
polerizer-20091226-vdf/wav/a0016 polerizer polerizer
polerizer-20091226-vdf/wav/a0017 polerizer polerizer
polerizer-20091226-vdf/wav/a0018 polerizer polerizer
polerizer-20091226-vdf/wav/a0019 polerizer polerizer
polerizer-20091226-wre/wav/a0224 polerizer polerizer
polerizer-20091226-wre/wav/a0225 polerizer polerizer
polerizer-20091226-wre/wav/a0226 polerizer polerizer
polerizer-20091226-wre/wav/a0227 polerizer polerizer
polerizer-20091231-nfw/wav/rp-05 polerizer polerizer
polerizer-20091231-nfw/wav/rp-06 polerizer polerizer
polerizer-20091231-nfw/wav/rp-07 polerizer polerizer
polerizer-20091231-nfw/wav/rp-08 polerizer polerizer
polerizer-20091231-nfw/wav/rp-09 polerizer polerizer
polerizer-20091231-nfw/wav/rp-10 polerizer polerizer
polerizer-20091231-nfw/wav/rp-11 polerizer polerizer
polerizer-20091231-nfw/wav/rp-12 polerizer polerizer
polerizer-20091231-nfw/wav/rp-13 polerizer polerizer
polerizer-20091231-nfw/wav/rp-14 polerizer polerizer
polerizer-20091231-oon/wav/a0124 polerizer polerizer
polerizer-20091231-oon/wav/a0125 polerizer polerizer
polerizer-20091231-oon/wav/a0126 polerizer polerizer
polerizer-20091231-oon/wav/a0127 polerizer polerizer
polerizer-20091231-oon/wav/a0128 polerizer polerizer
polerizer-20091231-oon/wav/a0129 polerizer polerizer
polerizer-20091231-oon/wav/a0130 polerizer polerizer
polerizer-20091231-oon/wav/a0131 polerizer polerizer
polerizer-20091231-oon/wav/a0132 polerizer polerizer
polerizer-20091231-oon/wav/a0133 polerizer polerizer
polerizer-20091231-upo/wav/b0357 polerizer polerizer
polerizer-20091231-upo/wav/b0358 polerizer polerizer
polerizer-20091231-upo/wav/b0359 polerizer polerizer
polerizer-20091231-upo/wav/b0360 polerizer polerizer
polerizer-20091231-upo/wav/b0361 polerizer polerizer
polerizer-20091231-upo/wav/b0362 polerizer polerizer
polerizer-20091231-upo/wav/b0363 polerizer polerizer
polerizer-20091231-upo/wav/b0364 polerizer polerizer
polerizer-20091231-upo/wav/b0365 polerizer polerizer
polerizer-20091231-upo/wav/b0366 polerizer polerizer
