audio/Dcoetzee-20110429-bne/wav/b0530 Dcoetzee
audio/Dcoetzee-20110429-bne/wav/b0531 Dcoetzee
audio/Dcoetzee-20110429-bne/wav/b0532 Dcoetzee
audio/Dcoetzee-20110429-bne/wav/b0533 Dcoetzee
audio/Dcoetzee-20110429-bne/wav/b0534 Dcoetzee
audio/Dcoetzee-20110429-bne/wav/b0535 Dcoetzee
audio/Dcoetzee-20110429-bne/wav/b0536 Dcoetzee
audio/Dcoetzee-20110429-bne/wav/b0537 Dcoetzee
audio/Dcoetzee-20110429-bne/wav/b0538 Dcoetzee
audio/Dcoetzee-20110429-bne/wav/b0539 Dcoetzee
audio/Dcoetzee-20110429-bqy/wav/a0198 Dcoetzee
audio/Dcoetzee-20110429-bqy/wav/a0199 Dcoetzee
audio/Dcoetzee-20110429-bqy/wav/a0200 Dcoetzee
audio/Dcoetzee-20110429-bqy/wav/a0201 Dcoetzee
audio/Dcoetzee-20110429-bqy/wav/a0202 Dcoetzee
audio/Dcoetzee-20110429-bqy/wav/a0203 Dcoetzee
audio/Dcoetzee-20110429-bqy/wav/a0204 Dcoetzee
audio/Dcoetzee-20110429-bqy/wav/a0205 Dcoetzee
audio/Dcoetzee-20110429-bqy/wav/a0206 Dcoetzee
audio/Dcoetzee-20110429-bqy/wav/a0207 Dcoetzee
audio/Dcoetzee-20110429-bzi/wav/a0504 Dcoetzee
audio/Dcoetzee-20110429-bzi/wav/a0505 Dcoetzee
audio/Dcoetzee-20110429-bzi/wav/a0506 Dcoetzee
audio/Dcoetzee-20110429-bzi/wav/a0508 Dcoetzee
audio/Dcoetzee-20110429-bzi/wav/a0509 Dcoetzee
audio/Dcoetzee-20110429-bzi/wav/a0510 Dcoetzee
audio/Dcoetzee-20110429-bzi/wav/a0511 Dcoetzee
audio/Dcoetzee-20110429-bzi/wav/a0512 Dcoetzee
audio/Dcoetzee-20110429-bzi/wav/a0513 Dcoetzee
audio/Dcoetzee-20110429-bzi/wav/a0514 Dcoetzee
audio/Decent-20110516-cso/wav/a0287 Decent
audio/Decent-20110516-cso/wav/a0288 Decent
audio/Decent-20110516-cso/wav/a0289 Decent
audio/Decent-20110516-cso/wav/a0290 Decent
audio/Decent-20110516-cso/wav/a0291 Decent
audio/Decent-20110516-cso/wav/a0292 Decent
audio/Decent-20110516-cso/wav/a0293 Decent
audio/Decent-20110516-cso/wav/a0294 Decent
audio/Decent-20110516-cso/wav/a0295 Decent
audio/Decent-20110516-cso/wav/a0296 Decent
audio/Decent-20110516-egq/wav/b0228 Decent
audio/Decent-20110516-egq/wav/b0229 Decent
audio/Decent-20110516-egq/wav/b0230 Decent
audio/Decent-20110516-egq/wav/b0231 Decent
audio/Decent-20110516-egq/wav/b0232 Decent
audio/Decent-20110516-egq/wav/b0233 Decent
audio/Decent-20110516-egq/wav/b0234 Decent
audio/Decent-20110516-egq/wav/b0235 Decent
audio/Decent-20110516-egq/wav/b0236 Decent
audio/Decent-20110516-egq/wav/b0237 Decent
audio/Decent-20110516-evd/wav/b0286 Decent
audio/Decent-20110516-evd/wav/b0287 Decent
audio/Decent-20110516-evd/wav/b0288 Decent
audio/Decent-20110516-evd/wav/b0289 Decent
audio/Decent-20110516-evd/wav/b0290 Decent
audio/Decent-20110516-evd/wav/b0291 Decent
audio/Decent-20110516-evd/wav/b0292 Decent
audio/Decent-20110516-evd/wav/b0293 Decent
audio/Decent-20110516-evd/wav/b0294 Decent
audio/Decent-20110516-evd/wav/b0295 Decent
audio/FrozenFire-20080827-bnh/wav/a0389 FrozenFire
audio/FrozenFire-20080827-bnh/wav/a0390 FrozenFire
audio/FrozenFire-20080827-bnh/wav/a0391 FrozenFire
audio/FrozenFire-20080827-bnh/wav/a0392 FrozenFire
audio/FrozenFire-20080827-bnh/wav/a0393 FrozenFire
audio/FrozenFire-20080827-bnh/wav/a0394 FrozenFire
audio/FrozenFire-20080827-bnh/wav/a0395 FrozenFire
audio/FrozenFire-20080827-bnh/wav/a0396 FrozenFire
audio/FrozenFire-20080827-bnh/wav/a0397 FrozenFire
audio/FrozenFire-20080827-bnh/wav/a0398 FrozenFire
audio/FrozenFire-20080827-cnj/wav/a0449 FrozenFire
audio/FrozenFire-20080827-cnj/wav/a0450 FrozenFire
audio/FrozenFire-20080827-cnj/wav/a0451 FrozenFire
audio/FrozenFire-20080827-cnj/wav/a0452 FrozenFire
audio/FrozenFire-20080827-cnj/wav/a0453 FrozenFire
audio/FrozenFire-20080827-cnj/wav/a0454 FrozenFire
audio/FrozenFire-20080827-cnj/wav/a0455 FrozenFire
audio/FrozenFire-20080827-cnj/wav/a0456 FrozenFire
audio/FrozenFire-20080827-cnj/wav/a0457 FrozenFire
audio/FrozenFire-20080827-cnj/wav/a0458 FrozenFire
audio/FrozenFire-20080827-dcw/wav/b0426 FrozenFire
audio/FrozenFire-20080827-dcw/wav/b0427 FrozenFire
audio/FrozenFire-20080827-dcw/wav/b0428 FrozenFire
audio/FrozenFire-20080827-dcw/wav/b0429 FrozenFire
audio/FrozenFire-20080827-dcw/wav/b0430 FrozenFire
audio/FrozenFire-20080827-dcw/wav/b0431 FrozenFire
audio/FrozenFire-20080827-dcw/wav/b0432 FrozenFire
audio/FrozenFire-20080827-dcw/wav/b0433 FrozenFire
audio/FrozenFire-20080827-dcw/wav/b0434 FrozenFire
audio/FrozenFire-20080827-dcw/wav/b0435 FrozenFire
audio/glenton-20090924-apc/wav/a0079 glenton
audio/glenton-20090924-apc/wav/a0080 glenton
audio/glenton-20090924-apc/wav/a0081 glenton
audio/glenton-20090924-apc/wav/a0082 glenton
audio/glenton-20090924-apc/wav/a0083 glenton
audio/glenton-20090924-apc/wav/a0084 glenton
audio/glenton-20090924-apc/wav/a0085 glenton
audio/glenton-20090924-apc/wav/a0086 glenton
audio/glenton-20090924-apc/wav/a0087 glenton
audio/glenton-20090924-apc/wav/a0088 glenton
audio/glenton-20090924-cov/wav/a0566 glenton
audio/glenton-20090924-cov/wav/a0567 glenton
audio/glenton-20090924-cov/wav/a0568 glenton
audio/glenton-20090924-cov/wav/a0569 glenton
audio/glenton-20090924-cov/wav/a0570 glenton
audio/glenton-20090924-cov/wav/a0571 glenton
audio/glenton-20090924-cov/wav/a0572 glenton
audio/glenton-20090924-cov/wav/a0573 glenton
audio/glenton-20090924-cov/wav/a0574 glenton
audio/glenton-20090924-cov/wav/a0575 glenton
audio/glenton-20090924-dhc/wav/b0211 glenton
audio/glenton-20090924-dhc/wav/b0212 glenton
audio/glenton-20090924-dhc/wav/b0213 glenton
audio/glenton-20090924-dhc/wav/b0214 glenton
audio/glenton-20090924-dhc/wav/b0215 glenton
audio/glenton-20090924-dhc/wav/b0216 glenton
audio/glenton-20090924-dhc/wav/b0217 glenton
audio/glenton-20090924-dhc/wav/b0218 glenton
audio/glenton-20090924-dhc/wav/b0219 glenton
audio/glenton-20090924-dhc/wav/b0220 glenton
audio/JayCutlersBrother-20080919-btn/wav/a0096 JayCutlersBrother
audio/JayCutlersBrother-20080919-btn/wav/a0097 JayCutlersBrother
audio/JayCutlersBrother-20080919-btn/wav/a0098 JayCutlersBrother
audio/JayCutlersBrother-20080919-btn/wav/a0099 JayCutlersBrother
audio/JayCutlersBrother-20080919-btn/wav/a0100 JayCutlersBrother
audio/JayCutlersBrother-20080919-btn/wav/a0101 JayCutlersBrother
audio/JayCutlersBrother-20080919-btn/wav/a0102 JayCutlersBrother
audio/JayCutlersBrother-20080919-btn/wav/a0103 JayCutlersBrother
audio/JayCutlersBrother-20080919-btn/wav/a0104 JayCutlersBrother
audio/JayCutlersBrother-20080919-btn/wav/a0105 JayCutlersBrother
audio/JayCutlersBrother-20080919-bvy/wav/b0374 JayCutlersBrother
audio/JayCutlersBrother-20080919-bvy/wav/b0375 JayCutlersBrother
audio/JayCutlersBrother-20080919-bvy/wav/b0376 JayCutlersBrother
audio/JayCutlersBrother-20080919-bvy/wav/b0377 JayCutlersBrother
audio/JayCutlersBrother-20080919-bvy/wav/b0378 JayCutlersBrother
audio/JayCutlersBrother-20080919-bvy/wav/b0379 JayCutlersBrother
audio/JayCutlersBrother-20080919-bvy/wav/b0380 JayCutlersBrother
audio/JayCutlersBrother-20080919-bvy/wav/b0381 JayCutlersBrother
audio/JayCutlersBrother-20080919-bvy/wav/b0382 JayCutlersBrother
audio/JayCutlersBrother-20080919-bvy/wav/b0383 JayCutlersBrother
audio/JayCutlersBrother-20080919-dmf/wav/a0185 JayCutlersBrother
audio/JayCutlersBrother-20080919-dmf/wav/a0186 JayCutlersBrother
audio/JayCutlersBrother-20080919-dmf/wav/a0187 JayCutlersBrother
audio/JayCutlersBrother-20080919-dmf/wav/a0188 JayCutlersBrother
audio/JayCutlersBrother-20080919-dmf/wav/a0189 JayCutlersBrother
audio/JayCutlersBrother-20080919-dmf/wav/a0190 JayCutlersBrother
audio/JayCutlersBrother-20080919-dmf/wav/a0191 JayCutlersBrother
audio/JayCutlersBrother-20080919-dmf/wav/a0192 JayCutlersBrother
audio/JayCutlersBrother-20080919-dmf/wav/a0193 JayCutlersBrother
audio/JayCutlersBrother-20080919-dmf/wav/a0194 JayCutlersBrother
audio/JohanLingen-20080302-hwq/wav/ar-18 JohanLingen
audio/JohanLingen-20080302-hwq/wav/ar-19 JohanLingen
audio/JohanLingen-20080302-hwq/wav/ar-20 JohanLingen
audio/JohanLingen-20080302-hwq/wav/ar-21 JohanLingen
audio/JohanLingen-20080302-hwq/wav/ar-22 JohanLingen
audio/JohanLingen-20080302-hwq/wav/ar-23 JohanLingen
audio/JohanLingen-20080302-hwq/wav/ar-24 JohanLingen
audio/JohanLingen-20080302-hwq/wav/rb-01 JohanLingen
audio/JohanLingen-20080302-hwq/wav/rb-02 JohanLingen
audio/JohanLingen-20080302-hwq/wav/rb-03 JohanLingen
audio/JohanLingen-20080302-vvd/wav/b0449 JohanLingen
audio/JohanLingen-20080302-vvd/wav/b0450 JohanLingen
audio/JohanLingen-20080302-vvd/wav/b0451 JohanLingen
audio/JohanLingen-20080302-vvd/wav/b0452 JohanLingen
audio/JohanLingen-20080302-vvd/wav/b0453 JohanLingen
audio/JohanLingen-20080302-vvd/wav/b0454 JohanLingen
audio/JohanLingen-20080302-vvd/wav/b0455 JohanLingen
audio/JohanLingen-20080302-vvd/wav/b0456 JohanLingen
audio/JohanLingen-20080302-vvd/wav/b0457 JohanLingen
audio/JohanLingen-20080302-vvd/wav/b0458 JohanLingen
audio/JohanLingen-20080304-fld/wav/a0383 JohanLingen
audio/JohanLingen-20080304-fld/wav/a0384 JohanLingen
audio/JohanLingen-20080304-fld/wav/a0385 JohanLingen
audio/JohanLingen-20080304-fld/wav/a0386 JohanLingen
audio/JohanLingen-20080304-fld/wav/a0387 JohanLingen
audio/JohanLingen-20080304-fld/wav/a0388 JohanLingen
audio/JohanLingen-20080304-fld/wav/a0389 JohanLingen
audio/JohanLingen-20080304-fld/wav/a0390 JohanLingen
audio/JohanLingen-20080304-fld/wav/a0391 JohanLingen
audio/JohanLingen-20080304-fld/wav/a0392 JohanLingen
audio/lindavg-20081007-adc/wav/b0127 lindavg
audio/lindavg-20081007-adc/wav/b0128 lindavg
audio/lindavg-20081007-adc/wav/b0129 lindavg
audio/lindavg-20081007-adc/wav/b0130 lindavg
audio/lindavg-20081007-adc/wav/b0131 lindavg
audio/lindavg-20081007-adc/wav/b0132 lindavg
audio/lindavg-20081007-adc/wav/b0133 lindavg
audio/lindavg-20081007-adc/wav/b0134 lindavg
audio/lindavg-20081007-adc/wav/b0135 lindavg
audio/lindavg-20081007-adc/wav/b0136 lindavg
audio/lindavg-20081007-ahj/wav/b0330 lindavg
audio/lindavg-20081007-ahj/wav/b0331 lindavg
audio/lindavg-20081007-ahj/wav/b0332 lindavg
audio/lindavg-20081007-ahj/wav/b0333 lindavg
audio/lindavg-20081007-ahj/wav/b0334 lindavg
audio/lindavg-20081007-ahj/wav/b0335 lindavg
audio/lindavg-20081007-ahj/wav/b0336 lindavg
audio/lindavg-20081007-ahj/wav/b0337 lindavg
audio/lindavg-20081007-ahj/wav/b0338 lindavg
audio/lindavg-20081007-ahj/wav/b0339 lindavg
audio/lindavg-20081007-cqp/wav/rb-20 lindavg
audio/lindavg-20081007-cqp/wav/rb-21 lindavg
audio/lindavg-20081007-cqp/wav/rb-22 lindavg
audio/lindavg-20081007-cqp/wav/rb-23 lindavg
audio/lindavg-20081007-cqp/wav/rb-24 lindavg
audio/lindavg-20081007-cqp/wav/rb-25 lindavg
audio/lindavg-20081007-cqp/wav/rb-26 lindavg
audio/lindavg-20081007-cqp/wav/rb-27 lindavg
audio/lindavg-20081007-cqp/wav/rb-28 lindavg
audio/lindavg-20081007-cqp/wav/rb-29 lindavg
audio/mikethecoach-20111106-brd/wav/a0476 mikethecoach
audio/mikethecoach-20111106-brd/wav/a0477 mikethecoach
audio/mikethecoach-20111106-brd/wav/a0478 mikethecoach
audio/mikethecoach-20111106-brd/wav/a0479 mikethecoach
audio/mikethecoach-20111106-brd/wav/a0480 mikethecoach
audio/mikethecoach-20111106-brd/wav/a0481 mikethecoach
audio/mikethecoach-20111106-brd/wav/a0482 mikethecoach
audio/mikethecoach-20111106-brd/wav/a0483 mikethecoach
audio/mikethecoach-20111106-brd/wav/a0484 mikethecoach
audio/mikethecoach-20111106-brd/wav/a0485 mikethecoach
audio/mikethecoach-20111106-jdw/wav/b0533 mikethecoach
audio/mikethecoach-20111106-jdw/wav/b0534 mikethecoach
audio/mikethecoach-20111106-jdw/wav/b0535 mikethecoach
audio/mikethecoach-20111106-jdw/wav/b0536 mikethecoach
audio/mikethecoach-20111106-jdw/wav/b0537 mikethecoach
audio/mikethecoach-20111106-jdw/wav/b0538 mikethecoach
audio/mikethecoach-20111106-jdw/wav/b0539 mikethecoach
audio/mikethecoach-20111106-jdw/wav/rp-01 mikethecoach
audio/mikethecoach-20111106-jdw/wav/rp-02 mikethecoach
audio/mikethecoach-20111106-jdw/wav/rp-03 mikethecoach
audio/mikethecoach-20111106-phk/wav/a0303 mikethecoach
audio/mikethecoach-20111106-phk/wav/a0304 mikethecoach
audio/mikethecoach-20111106-phk/wav/a0305 mikethecoach
audio/mikethecoach-20111106-phk/wav/a0306 mikethecoach
audio/mikethecoach-20111106-phk/wav/a0307 mikethecoach
audio/mikethecoach-20111106-phk/wav/a0308 mikethecoach
audio/mikethecoach-20111106-phk/wav/a0309 mikethecoach
audio/mikethecoach-20111106-phk/wav/a0310 mikethecoach
audio/mikethecoach-20111106-phk/wav/a0311 mikethecoach
audio/mikethecoach-20111106-phk/wav/a0312 mikethecoach
audio/paddy-20080911-abh/wav/a0581 paddy
audio/paddy-20080911-abh/wav/a0582 paddy
audio/paddy-20080911-abh/wav/a0583 paddy
audio/paddy-20080911-abh/wav/a0584 paddy
audio/paddy-20080911-abh/wav/a0585 paddy
audio/paddy-20080911-abh/wav/a0586 paddy
audio/paddy-20080911-abh/wav/a0587 paddy
audio/paddy-20080911-abh/wav/a0588 paddy
audio/paddy-20080911-abh/wav/a0589 paddy
audio/paddy-20080911-abh/wav/a0590 paddy
audio/paddy-20080911-bop/wav/a0219 paddy
audio/paddy-20080911-bop/wav/a0220 paddy
audio/paddy-20080911-bop/wav/a0221 paddy
audio/paddy-20080911-bop/wav/a0222 paddy
audio/paddy-20080911-bop/wav/a0223 paddy
audio/paddy-20080911-bop/wav/a0224 paddy
audio/paddy-20080911-bop/wav/a0225 paddy
audio/paddy-20080911-bop/wav/a0226 paddy
audio/paddy-20080911-bop/wav/a0227 paddy
audio/paddy-20080911-bop/wav/a0228 paddy
audio/paddy-20080911-bua/wav/a0344 paddy
audio/paddy-20080911-bua/wav/a0345 paddy
audio/paddy-20080911-bua/wav/a0346 paddy
audio/paddy-20080911-bua/wav/a0347 paddy
audio/paddy-20080911-bua/wav/a0348 paddy
audio/paddy-20080911-bua/wav/a0349 paddy
audio/paddy-20080911-bua/wav/a0350 paddy
audio/paddy-20080911-bua/wav/a0351 paddy
audio/paddy-20080911-bua/wav/a0352 paddy
audio/paddy-20080911-bua/wav/a0353 paddy
audio/polerizer-20091226-cxd/wav/a0271 polerizer
audio/polerizer-20091226-cxd/wav/a0272 polerizer
audio/polerizer-20091226-cxd/wav/a0273 polerizer
audio/polerizer-20091226-cxd/wav/a0274 polerizer
audio/polerizer-20091226-cxd/wav/a0275 polerizer
audio/polerizer-20091226-cxd/wav/a0276 polerizer
audio/polerizer-20091226-cxd/wav/a0277 polerizer
audio/polerizer-20091226-cxd/wav/a0278 polerizer
audio/polerizer-20091226-cxd/wav/a0279 polerizer
audio/polerizer-20091226-cxd/wav/a0280 polerizer
audio/polerizer-20091226-der/wav/rb-05 polerizer
audio/polerizer-20091226-der/wav/rb-06 polerizer
audio/polerizer-20091226-der/wav/rb-07 polerizer
audio/polerizer-20091226-der/wav/rb-08 polerizer
audio/polerizer-20091226-der/wav/rb-09 polerizer
audio/polerizer-20091226-der/wav/rb-10 polerizer
audio/polerizer-20091226-der/wav/rb-11 polerizer
audio/polerizer-20091226-der/wav/rb-12 polerizer
audio/polerizer-20091226-der/wav/rb-13 polerizer
audio/polerizer-20091226-der/wav/rb-14 polerizer
audio/polerizer-20091226-flf/wav/b0067 polerizer
audio/polerizer-20091226-flf/wav/b0068 polerizer
audio/polerizer-20091226-flf/wav/b0069 polerizer
audio/polerizer-20091226-flf/wav/b0070 polerizer
audio/polerizer-20091226-flf/wav/b0071 polerizer
audio/polerizer-20091226-flf/wav/b0072 polerizer
audio/polerizer-20091226-flf/wav/b0073 polerizer
audio/polerizer-20091226-flf/wav/b0074 polerizer
audio/polerizer-20091226-flf/wav/b0075 polerizer
audio/polerizer-20091226-flf/wav/b0076 polerizer
